- Generating browser application bundles (phase: setup)...
✔ Browser application bundle generation complete.
[32m11 01 2026 18:19:19.230:INFO [karma-server]: [39mKarma v6.4.4 server started at http://localhost:9877/
[32m11 01 2026 18:19:19.233:INFO [launcher]: [39mLaunching browsers ChromeHeadless with concurrency unlimited
[32m11 01 2026 18:19:19.263:INFO [launcher]: [39mStarting browser ChromeHeadless
[32m11 01 2026 18:19:19.751:INFO [Chrome Headless 143.0.0.0 (Linux 0.0.0)]: [39mConnected on socket Iic7Rtw2HOVVLgc6AAAB with id 53018740
Chrome Headless 143.0.0.0 (Linux 0.0.0): Executed 0 of 131[32m SUCCESS[39m (0 secs / 0 secs)
[1A[2KChrome Headless 143.0.0.0 (Linux 0.0.0): Executed 1 of 131[32m SUCCESS[39m (0 secs / 0.003 secs)
[1A[2KChrome Headless 143.0.0.0 (Linux 0.0.0): Executed 2 of 131[32m SUCCESS[39m (0 secs / 0.003 secs)
[1A[2KChrome Headless 143.0.0.0 (Linux 0.0.0): Executed 3 of 131[32m SUCCESS[39m (0 secs / 0.003 secs)
[1A[2KLOG: [36m'ConnectionStatusService - Initial status:', 'online'[39m
Chrome Headless 143.0.0.0 (Linux 0.0.0): Executed 3 of 131[32m SUCCESS[39m (0 secs / 0.003 secs)
LOG: 'ConnectionStatusService - Initial status:', 'online'
[1A[2KLOG: [36m'ConnectionStatusService - Updating status to: Online'[39m
Chrome Headless 143.0.0.0 (Linux 0.0.0): Executed 3 of 131[32m SUCCESS[39m (0 secs / 0.003 secs)
LOG: 'ConnectionStatusService - Updating status to: Online'
[1A[2KLOG: [36m'ConnectionStatusService - Destroying service'[39m
Chrome Headless 143.0.0.0 (Linux 0.0.0): Executed 3 of 131[32m SUCCESS[39m (0 secs / 0.003 secs)
LOG: 'ConnectionStatusService - Destroying service'
[1A[2KChrome Headless 143.0.0.0 (Linux 0.0.0): Executed 4 of 131[32m SUCCESS[39m (0 secs / 0.021 secs)
[1A[2KChrome Headless 143.0.0.0 (Linux 0.0.0): Executed 5 of 131[32m SUCCESS[39m (0 secs / 0.022 secs)
[1A[2KChrome Headless 143.0.0.0 (Linux 0.0.0): Executed 6 of 131[32m SUCCESS[39m (0 secs / 0.023 secs)
[1A[2KChrome Headless 143.0.0.0 (Linux 0.0.0): Executed 7 of 131[32m SUCCESS[39m (0 secs / 0.023 secs)
[1A[2KChrome Headless 143.0.0.0 (Linux 0.0.0): Executed 8 of 131[32m SUCCESS[39m (0 secs / 0.023 secs)
[1A[2KChrome Headless 143.0.0.0 (Linux 0.0.0): Executed 9 of 131[32m SUCCESS[39m (0 secs / 0.023 secs)
[1A[2KChrome Headless 143.0.0.0 (Linux 0.0.0): Executed 10 of 131[32m SUCCESS[39m (0 secs / 0.116 secs)
[1A[2KChrome Headless 143.0.0.0 (Linux 0.0.0): Executed 11 of 131[32m SUCCESS[39m (0 secs / 0.157 secs)
[1A[2KChrome Headless 143.0.0.0 (Linux 0.0.0): Executed 12 of 131[32m SUCCESS[39m (0 secs / 0.316 secs)
[1A[2KChrome Headless 143.0.0.0 (Linux 0.0.0): Executed 13 of 131[32m SUCCESS[39m (0 secs / 0.324 secs)
[1A[2KChrome Headless 143.0.0.0 (Linux 0.0.0): Executed 14 of 131[32m SUCCESS[39m (0 secs / 0.327 secs)
[1A[2KChrome Headless 143.0.0.0 (Linux 0.0.0): Executed 15 of 131[32m SUCCESS[39m (0 secs / 0.332 secs)
[1A[2KLOG: [36m'user', undefined[39m
Chrome Headless 143.0.0.0 (Linux 0.0.0): Executed 15 of 131[32m SUCCESS[39m (0 secs / 0.332 secs)
LOG: 'user', undefined
[1A[2KChrome Headless 143.0.0.0 (Linux 0.0.0): Executed 16 of 131[32m SUCCESS[39m (0 secs / 0.383 secs)
[1A[2KChrome Headless 143.0.0.0 (Linux 0.0.0): Executed 17 of 131[32m SUCCESS[39m (0 secs / 0.383 secs)
[1A[2KChrome Headless 143.0.0.0 (Linux 0.0.0): Executed 18 of 131[32m SUCCESS[39m (0 secs / 0.384 secs)
[1A[2KChrome Headless 143.0.0.0 (Linux 0.0.0): Executed 19 of 131[32m SUCCESS[39m (0 secs / 0.384 secs)
[1A[2KChrome Headless 143.0.0.0 (Linux 0.0.0): Executed 20 of 131[32m SUCCESS[39m (0 secs / 0.384 secs)
[1A[2KLOG: [36m'userKey', 'test-user-key'[39m
Chrome Headless 143.0.0.0 (Linux 0.0.0): Executed 20 of 131[32m SUCCESS[39m (0 secs / 0.384 secs)
LOG: 'userKey', 'test-user-key'
[1A[2KLOG: [36m'Classi caricate:', [][39m
Chrome Headless 143.0.0.0 (Linux 0.0.0): Executed 20 of 131[32m SUCCESS[39m (0 secs / 0.384 secs)
LOG: 'Classi caricate:', []
[1A[2KChrome Headless 143.0.0.0 (Linux 0.0.0): Executed 21 of 131[32m SUCCESS[39m (0 secs / 0.419 secs)
[1A[2KLOG: [36m'user', UserModel{key: '', birthDate: '', email: '', firstName: '', DSA: false, DVA: false, BES: false, ADHD: false, noteDisabilita: '', pdpUrl: [], lastName: '', password: '', classKey: '', phoneNumber: '', role: 3, userName: '', assignedClasses: [], classesKey: []}[39m
Chrome Headless 143.0.0.0 (Linux 0.0.0): Executed 21 of 131[32m SUCCESS[39m (0 secs / 0.419 secs)
LOG: 'user', UserModel{key: '', birthDate: '', email: '', firstName: '', DSA: false, DVA: false, BES: false, ADHD: false, noteDisabilita: '', pdpUrl: [], lastName: '', password: '', classKey: '', phoneNumber: '', role: 3, userName: '', assignedClasses: [], classesKey: []}
[1A[2KWARN: [36m'The 'allowSignalWrites' flag is deprecated and no longer impacts effect() (writes are always allowed)'[39m
Chrome Headless 143.0.0.0 (Linux 0.0.0): Executed 21 of 131[32m SUCCESS[39m (0 secs / 0.419 secs)
WARN: 'The 'allowSignalWrites' flag is deprecated and no longer impacts effect() (writes are always allowed)'
[1A[2KLOG: [36m'UserGeneralities2Component - ngOnInit*'[39m
Chrome Headless 143.0.0.0 (Linux 0.0.0): Executed 21 of 131[32m SUCCESS[39m (0 secs / 0.419 secs)
LOG: 'UserGeneralities2Component - ngOnInit*'
[1A[2KLOG: [36m'User input value on init*:', UserModel{key: '', birthDate: '', email: '', firstName: '', DSA: false, DVA: false, BES: false, ADHD: false, noteDisabilita: '', pdpUrl: [], lastName: '', password: '', classKey: '', phoneNumber: '', role: 3, userName: '', assignedClasses: [], classesKey: []}[39m
Chrome Headless 143.0.0.0 (Linux 0.0.0): Executed 21 of 131[32m SUCCESS[39m (0 secs / 0.419 secs)
LOG: 'User input value on init*:', UserModel{key: '', birthDate: '', email: '', firstName: '', DSA: false, DVA: false, BES: false, ADHD: false, noteDisabilita: '', pdpUrl: [], lastName: '', password: '', classKey: '', phoneNumber: '', role: 3, userName: '', assignedClasses: [], classesKey: []}
[1A[2KLOG: [36m'ngOnInit - user:*', UserModel{key: '', birthDate: '', email: '', firstName: '', DSA: false, DVA: false, BES: false, ADHD: false, noteDisabilita: '', pdpUrl: [], lastName: '', password: '', classKey: '', phoneNumber: '', role: 3, userName: '', assignedClasses: [], classesKey: []}[39m
Chrome Headless 143.0.0.0 (Linux 0.0.0): Executed 21 of 131[32m SUCCESS[39m (0 secs / 0.419 secs)
LOG: 'ngOnInit - user:*', UserModel{key: '', birthDate: '', email: '', firstName: '', DSA: false, DVA: false, BES: false, ADHD: false, noteDisabilita: '', pdpUrl: [], lastName: '', password: '', classKey: '', phoneNumber: '', role: 3, userName: '', assignedClasses: [], classesKey: []}
[1A[2KLOG: [36m'User in effect:*', UserModel{key: '', birthDate: '', email: '', firstName: '', DSA: false, DVA: false, BES: false, ADHD: false, noteDisabilita: '', pdpUrl: [], lastName: '', password: '', classKey: '', phoneNumber: '', role: 3, userName: '', assignedClasses: [], classesKey: []}[39m
Chrome Headless 143.0.0.0 (Linux 0.0.0): Executed 21 of 131[32m SUCCESS[39m (0 secs / 0.419 secs)
LOG: 'User in effect:*', UserModel{key: '', birthDate: '', email: '', firstName: '', DSA: false, DVA: false, BES: false, ADHD: false, noteDisabilita: '', pdpUrl: [], lastName: '', password: '', classKey: '', phoneNumber: '', role: 3, userName: '', assignedClasses: [], classesKey: []}
[1A[2KWARN: [36m'User is null or undefined*'[39m
Chrome Headless 143.0.0.0 (Linux 0.0.0): Executed 21 of 131[32m SUCCESS[39m (0 secs / 0.419 secs)
WARN: 'User is null or undefined*'
[1A[2KLOG: [36m'UserGeneralities2Component - ngAfterViewInit'[39m
Chrome Headless 143.0.0.0 (Linux 0.0.0): Executed 21 of 131[32m SUCCESS[39m (0 secs / 0.419 secs)
LOG: 'UserGeneralities2Component - ngAfterViewInit'
[1A[2KLOG: [36m'Form controls after view init:', Object{firstName: FormControl{_pendingDirty: false, _hasOwnPendingAsyncValidator: null, _pendingTouched: false, _onCollectionChange: () => { ... }, _updateOn: undefined, _parent: FormGroup{_pendingDirty: ..., _hasOwnPendingAsyncValidator: ..., _pendingTouched: ..., _onCollectionChange: ..., _updateOn: ..., _parent: ..., _asyncValidationSubscription: ..., _composedValidatorFn: ..., _composedAsyncValidatorFn: ..., _rawValidators: ..., _rawAsyncValidators: ..., value: ..., _status: ..., statusReactive: ..., errors: ..., _pristine: ..., pristineReactive: ..., _touched: ..., touchedReactive: ..., _events: ..., events: ..., valueChanges: ..., statusChanges: ..., _onDisabledChange: ..., controls: ...}, _asyncValidationSubscription: undefined, _composedValidatorFn: function (control) { ... }, _composedAsyncValidatorFn: null, _rawValidators: [...], _rawAsyncValidators: null, value: '', _status: [Computed: INVALID], statusReactive: [Signal: INVALID], errors: Object{required: ...}, _pristine: [Computed: true], pristineReactive: [Signal: true], _touched: [Computed: false], touchedReactive: [Signal: false], _events: Subject{closed: ..., currentObservers: ..., observers: ..., isStopped: ..., hasError: ..., thrownError: ...}, events: Observable{source: ...}, valueChanges: EventEmitter_{closed: ..., currentObservers: ..., observers: ..., isStopped: ..., hasError: ..., thrownError: ..., __isAsync: ..., destroyRef: ..., pendingTasks: ...}, statusChanges: EventEmitter_{closed: ..., currentObservers: ..., observers: ..., isStopped: ..., hasError: ..., thrownError: ..., __isAsync: ..., destroyRef: ..., pendingTasks: ...}, _onDisabledChange: [...], defaultValue: null, _onChange: [...], _pendingValue: '', _pendingChange: false}, lastName: FormControl{_pendingDirty: false, _hasOwnPendingAsyncValidator: null, _pendingTouched: false, _onCollectionChange: () => { ... }, _updateOn: undefined, _parent: FormGroup{_pendingDirty: ..., _hasOwnPendingAsyncValidator: ..., _pendingTouched: ..., _onCollectionChange: ..., _updateOn: ..., _parent: ..., _asyncValidationSubscription: ..., _composedValidatorFn: ..., _composedAsyncValidatorFn: ..., _rawValidators: ..., _rawAsyncValidators: ..., value: ..., _status: ..., statusReactive: ..., errors: ..., _pristine: ..., pristineReactive: ..., _touched: ..., touchedReactive: ..., _events: ..., events: ..., valueChanges: ..., statusChanges: ..., _onDisabledChange: ..., controls: ...}, _asyncValidationSubscription: undefined, _composedValidatorFn: function (control) { ... }, _composedAsyncValidatorFn: null, _rawValidators: [...], _rawAsyncValidators: null, value: '', _status: [Computed: INVALID], statusReactive: [Signal: INVALID], errors: Object{required: ...}, _pristine: [Computed: true], pristineReactive: [Signal: true], _touched: [Computed: false], touchedReactive: [Signal: false], _events: Subject{closed: ..., currentObservers: ..., observers: ..., isStopped: ..., hasError: ..., thrownError: ...}, events: Observable{source: ...}, valueChanges: EventEmitter_{closed: ..., currentObservers: ..., observers: ..., isStopped: ..., hasError: ..., thrownError: ..., __isAsync: ..., destroyRef: ..., pendingTasks: ...}, statusChanges: EventEmitter_{closed: ..., currentObservers: ..., observers: ..., isStopped: ..., hasError: ..., thrownError: ..., __isAsync: ..., destroyRef: ..., pendingTasks: ...}, _onDisabledChange: [...], defaultValue: null, _onChange: [...], _pendingValue: '', _pendingChange: false}, userName: FormControl{_pendingDirty: false, _hasOwnPendingAsyncValidator: null, _pendingTouched: false, _onCollectionChange: () => { ... }, _updateOn: undefined, _parent: FormGroup{_pendingDirty: ..., _hasOwnPendingAsyncValidator: ..., _pendingTouched: ..., _onCollectionChange: ..., _updateOn: ..., _parent: ..., _asyncValidationSubscription: ..., _composedValidatorFn: ..., _composedAsyncValidatorFn: ..., _rawValidators: ..., _rawAsyncValidators: ..., value: ..., _status: ..., statusReactive: ..., errors: ..., _pristine: ..., pristineReactive: ..., _touched: ..., touchedReactive: ..., _events: ..., events: ..., valueChanges: ..., statusChanges: ..., _onDisabledChange: ..., controls: ...}, _asyncValidationSubscription: undefined, _composedValidatorFn: null, _composedAsyncValidatorFn: null, _rawValidators: null, _rawAsyncValidators: null, value: '', _status: [Computed: VALID], statusReactive: [Signal: VALID], errors: null, _pristine: [Computed: true], pristineReactive: [Signal: true], _touched: [Computed: false], touchedReactive: [Signal: false], _events: Subject{closed: ..., currentObservers: ..., observers: ..., isStopped: ..., hasError: ..., thrownError: ...}, events: Observable{source: ...}, valueChanges: EventEmitter_{closed: ..., currentObservers: ..., observers: ..., isStopped: ..., hasError: ..., thrownError: ..., __isAsync: ..., destroyRef: ..., pendingTasks: ...}, statusChanges: EventEmitter_{closed: ..., currentObservers: ..., observers: ..., isStopped: ..., hasError: ..., thrownError: ..., __isAsync: ..., destroyRef: ..., pendingTasks: ...}, _onDisabledChange: [...], defaultValue: null, _onChange: [...], _pendingValue: '', _pendingChange: false}, email: FormControl{_pendingDirty: false, _hasOwnPendingAsyncValidator: null, _pendingTouched: false, _onCollectionChange: () => { ... }, _updateOn: undefined, _parent: FormGroup{_pendingDirty: ..., _hasOwnPendingAsyncValidator: ..., _pendingTouched: ..., _onCollectionChange: ..., _updateOn: ..., _parent: ..., _asyncValidationSubscription: ..., _composedValidatorFn: ..., _composedAsyncValidatorFn: ..., _rawValidators: ..., _rawAsyncValidators: ..., value: ..., _status: ..., statusReactive: ..., errors: ..., _pristine: ..., pristineReactive: ..., _touched: ..., touchedReactive: ..., _events: ..., events: ..., valueChanges: ..., statusChanges: ..., _onDisabledChange: ..., controls: ...}, _asyncValidationSubscription: undefined, _composedValidatorFn: function (control) { ... }, _composedAsyncValidatorFn: null, _rawValidators: [...], _rawAsyncValidators: null, value: '', _status: [Computed: INVALID], statusReactive: [Signal: INVALID], errors: Object{required: ...}, _pristine: [Computed: true], pristineReactive: [Signal: true], _touched: [Computed: false], touchedReactive: [Signal: false], _events: Subject{closed: ..., currentObservers: ..., observers: ..., isStopped: ..., hasError: ..., thrownError: ...}, events: Observable{source: ...}, valueChanges: EventEmitter_{closed: ..., currentObservers: ..., observers: ..., isStopped: ..., hasError: ..., thrownError: ..., __isAsync: ..., destroyRef: ..., pendingTasks: ...}, statusChanges: EventEmitter_{closed: ..., currentObservers: ..., observers: ..., isStopped: ..., hasError: ..., thrownError: ..., __isAsync: ..., destroyRef: ..., pendingTasks: ...}, _onDisabledChange: [...], defaultValue: null, _onChange: [...], _pendingValue: '', _pendingChange: false}, role: FormControl{_pendingDirty: false, _hasOwnPendingAsyncValidator: null, _pendingTouched: false, _onCollectionChange: () => { ... }, _updateOn: undefined, _parent: FormGroup{_pendingDirty: ..., _hasOwnPendingAsyncValidator: ..., _pendingTouched: ..., _onCollectionChange: ..., _updateOn: ..., _parent: ..., _asyncValidationSubscription: ..., _composedValidatorFn: ..., _composedAsyncValidatorFn: ..., _rawValidators: ..., _rawAsyncValidators: ..., value: ..., _status: ..., statusReactive: ..., errors: ..., _pristine: ..., pristineReactive: ..., _touched: ..., touchedReactive: ..., _events: ..., events: ..., valueChanges: ..., statusChanges: ..., _onDisabledChange: ..., controls: ...}, _asyncValidationSubscription: undefined, _composedValidatorFn: null, _composedAsyncValidatorFn: null, _rawValidators: null, _rawAsyncValidators: null, value: 3, _status: [Computed: VALID], statusReactive: [Signal: VALID], errors: null, _pristine: [Computed: true], pristineReactive: [Signal: true], _touched: [Computed: false], touchedReactive: [Signal: false], _events: Subject{closed: ..., currentObservers: ..., observers: ..., isStopped: ..., hasError: ..., thrownError: ...}, events: Observable{source: ...}, valueChanges: EventEmitter_{closed: ..., currentObservers: ..., observers: ..., isStopped: ..., hasError: ..., thrownError: ..., __isAsync: ..., destroyRef: ..., pendingTasks: ...}, statusChanges: EventEmitter_{closed: ..., currentObservers: ..., observers: ..., isStopped: ..., hasError: ..., thrownError: ..., __isAsync: ..., destroyRef: ..., pendingTasks: ...}, _onDisabledChange: [...], defaultValue: null, _onChange: [...], _pendingValue: 3, _pendingChange: false}, DVA: FormControl{_pendingDirty: false, _hasOwnPendingAsyncValidator: null, _pendingTouched: false, _onCollectionChange: () => { ... }, _updateOn: undefined, _parent: FormGroup{_pendingDirty: ..., _hasOwnPendingAsyncValidator: ..., _pendingTouched: ..., _onCollectionChange: ..., _updateOn: ..., _parent: ..., _asyncValidationSubscription: ..., _composedValidatorFn: ..., _composedAsyncValidatorFn: ..., _rawValidators: ..., _rawAsyncValidators: ..., value: ..., _status: ..., statusReactive: ..., errors: ..., _pristine: ..., pristineReactive: ..., _touched: ..., touchedReactive: ..., _events: ..., events: ..., valueChanges: ..., statusChanges: ..., _onDisabledChange: ..., controls: ...}, _asyncValidationSubscription: undefined, _composedValidatorFn: null, _composedAsyncValidatorFn: null, _rawValidators: null, _rawAsyncValidators: null, value: false, _status: [Computed: VALID], statusReactive: [Signal: VALID], errors: null, _pristine: [Computed: true], pristineReactive: [Signal: true], _touched: [Computed: false], touchedReactive: [Signal: false], _events: Subject{closed: ..., currentObservers: ..., observers: ..., isStopped: ..., hasError: ..., thrownError: ...}, events: Observable{source: ...}, valueChanges: EventEmitter_{closed: ..., currentObservers: ..., observers: ..., isStopped: ..., hasError: ..., thrownError: ..., __isAsync: ..., destroyRef: ..., pendingTasks: ...}, statusChanges: EventEmitter_{closed: ..., currentObservers: ..., observers: ..., isStopped: ..., hasError: ..., thrownError: ..., __isAsync: ..., destroyRef: ..., pendingTasks: ...}, _onDisabledChange: [...], defaultValue: null, _onChange: [...], _pendingValue: false, _pendingChange: false}, DSA: FormControl{_pendingDirty: false, _hasOwnPendingAsyncValidator: null, _pendingTouched: false, _onCollectionChange: () => { ... }, _updateOn: undefined, _parent: FormGroup{_pendingDirty: ..., _hasOwnPendingAsyncValidator: ..., _pendingTouched: ..., _onCollectionChange: ..., _updateOn: ..., _parent: ..., _asyncValidationSubscription: ..., _composedValidatorFn: ..., _composedAsyncValidatorFn: ..., _rawValidators: ..., _rawAsyncValidators: ..., value: ..., _status: ..., statusReactive: ..., errors: ..., _pristine: ..., pristineReactive: ..., _touched: ..., touchedReactive: ..., _events: ..., events: ..., valueChanges: ..., statusChanges: ..., _onDisabledChange: ..., controls: ...}, _asyncValidationSubscription: undefined, _composedValidatorFn: null, _composedAsyncValidatorFn: null, _rawValidators: null, _rawAsyncValidators: null, value: false, _status: [Computed: VALID], statusReactive: [Signal: VALID], errors: null, _pristine: [Computed: true], pristineReactive: [Signal: true], _touched: [Computed: false], touchedReactive: [Signal: false], _events: Subject{closed: ..., currentObservers: ..., observers: ..., isStopped: ..., hasError: ..., thrownError: ...}, events: Observable{source: ...}, valueChanges: EventEmitter_{closed: ..., currentObservers: ..., observers: ..., isStopped: ..., hasError: ..., thrownError: ..., __isAsync: ..., destroyRef: ..., pendingTasks: ...}, statusChanges: EventEmitter_{closed: ..., currentObservers: ..., observers: ..., isStopped: ..., hasError: ..., thrownError: ..., __isAsync: ..., destroyRef: ..., pendingTasks: ...}, _onDisabledChange: [...], defaultValue: null, _onChange: [...], _pendingValue: false, _pendingChange: false}, BES: FormControl{_pendingDirty: false, _hasOwnPendingAsyncValidator: null, _pendingTouched: false, _onCollectionChange: () => { ... }, _updateOn: undefined, _parent: FormGroup{_pendingDirty: ..., _hasOwnPendingAsyncValidator: ..., _pendingTouched: ..., _onCollectionChange: ..., _updateOn: ..., _parent: ..., _asyncValidationSubscription: ..., _composedValidatorFn: ..., _composedAsyncValidatorFn: ..., _rawValidators: ..., _rawAsyncValidators: ..., value: ..., _status: ..., statusReactive: ..., errors: ..., _pristine: ..., pristineReactive: ..., _touched: ..., touchedReactive: ..., _events: ..., events: ..., valueChanges: ..., statusChanges: ..., _onDisabledChange: ..., controls: ...}, _asyncValidationSubscription: undefined, _composedValidatorFn: null, _composedAsyncValidatorFn: null, _rawValidators: null, _rawAsyncValidators: null, value: false, _status: [Computed: VALID], statusReactive: [Signal: VALID], errors: null, _pristine: [Computed: true], pristineReactive: [Signal: true], _touched: [Computed: false], touchedReactive: [Signal: false], _events: Subject{closed: ..., currentObservers: ..., observers: ..., isStopped: ..., hasError: ..., thrownError: ...}, events: Observable{source: ...}, valueChanges: EventEmitter_{closed: ..., currentObservers: ..., observers: ..., isStopped: ..., hasError: ..., thrownError: ..., __isAsync: ..., destroyRef: ..., pendingTasks: ...}, statusChanges: EventEmitter_{closed: ..., currentObservers: ..., observers: ..., isStopped: ..., hasError: ..., thrownError: ..., __isAsync: ..., destroyRef: ..., pendingTasks: ...}, _onDisabledChange: [...], defaultValue: null, _onChange: [...], _pendingValue: false, _pendingChange: false}, ADHD: FormControl{_pendingDirty: false, _hasOwnPendingAsyncValidator: null, _pendingTouched: false, _onCollectionChange: () => { ... }, _updateOn: undefined, _parent: FormGroup{_pendingDirty: ..., _hasOwnPendingAsyncValidator: ..., _pendingTouched: ..., _onCollectionChange: ..., _updateOn: ..., _parent: ..., _asyncValidationSubscription: ..., _composedValidatorFn: ..., _composedAsyncValidatorFn: ..., _rawValidators: ..., _rawAsyncValidators: ..., value: ..., _status: ..., statusReactive: ..., errors: ..., _pristine: ..., pristineReactive: ..., _touched: ..., touchedReactive: ..., _events: ..., events: ..., valueChanges: ..., statusChanges: ..., _onDisabledChange: ..., controls: ...}, _asyncValidationSubscription: undefined, _composedValidatorFn: null, _composedAsyncValidatorFn: null, _rawValidators: null, _rawAsyncValidators: null, value: false, _status: [Computed: VALID], statusReactive: [Signal: VALID], errors: null, _pristine: [Computed: true], pristineReactive: [Signal: true], _touched: [Computed: false], touchedReactive: [Signal: false], _events: Subject{closed: ..., currentObservers: ..., observers: ..., isStopped: ..., hasError: ..., thrownError: ...}, events: Observable{source: ...}, valueChanges: EventEmitter_{closed: ..., currentObservers: ..., observers: ..., isStopped: ..., hasError: ..., thrownError: ..., __isAsync: ..., destroyRef: ..., pendingTasks: ...}, statusChanges: EventEmitter_{closed: ..., currentObservers: ..., observers: ..., isStopped: ..., hasError: ..., thrownError: ..., __isAsync: ..., destroyRef: ..., pendingTasks: ...}, _onDisabledChange: [...], defaultValue: null, _onChange: [...], _pendingValue: false, _pendingChange: false}, noteDisabilita: FormControl{_pendingDirty: false, _hasOwnPendingAsyncValidator: null, _pendingTouched: false, _onCollectionChange: () => { ... }, _updateOn: undefined, _parent: FormGroup{_pendingDirty: ..., _hasOwnPendingAsyncValidator: ..., _pendingTouched: ..., _onCollectionChange: ..., _updateOn: ..., _parent: ..., _asyncValidationSubscription: ..., _composedValidatorFn: ..., _composedAsyncValidatorFn: ..., _rawValidators: ..., _rawAsyncValidators: ..., value: ..., _status: ..., statusReactive: ..., errors: ..., _pristine: ..., pristineReactive: ..., _touched: ..., touchedReactive: ..., _events: ..., events: ..., valueChanges: ..., statusChanges: ..., _onDisabledChange: ..., controls: ...}, _asyncValidationSubscription: undefined, _composedValidatorFn: null, _composedAsyncValidatorFn: null, _rawValidators: null, _rawAsyncValidators: null, value: '', _status: [Computed: VALID], statusReactive: [Signal: VALID], errors: null, _pristine: [Computed: true], pristineReactive: [Signal: true], _touched: [Computed: false], touchedReactive: [Signal: false], _events: Subject{closed: ..., currentObservers: ..., observers: ..., isStopped: ..., hasError: ..., thrownError: ...}, events: Observable{source: ...}, valueChanges: EventEmitter_{closed: ..., currentObservers: ..., observers: ..., isStopped: ..., hasError: ..., thrownError: ..., __isAsync: ..., destroyRef: ..., pendingTasks: ...}, statusChanges: EventEmitter_{closed: ..., currentObservers: ..., observers: ..., isStopped: ..., hasError: ..., thrownError: ..., __isAsync: ..., destroyRef: ..., pendingTasks: ...}, _onDisabledChange: [...], defaultValue: null, _onChange: [...], _pendingValue: '', _pendingChange: false}, pdpUrl: FormControl{_pendingDirty: false, _hasOwnPendingAsyncValidator: null, _pendingTouched: false, _onCollectionChange: () => { ... }, _updateOn: undefined, _parent: FormGroup{_pendingDirty: ..., _hasOwnPendingAsyncValidator: ..., _pendingTouched: ..., _onCollectionChange: ..., _updateOn: ..., _parent: ..., _asyncValidationSubscription: ..., _composedValidatorFn: ..., _composedAsyncValidatorFn: ..., _rawValidators: ..., _rawAsyncValidators: ..., value: ..., _status: ..., statusReactive: ..., errors: ..., _pristine: ..., pristineReactive: ..., _touched: ..., touchedReactive: ..., _events: ..., events: ..., valueChanges: ..., statusChanges: ..., _onDisabledChange: ..., controls: ...}, _asyncValidationSubscription: undefined, _composedValidatorFn: null, _composedAsyncValidatorFn: null, _rawValidators: null, _rawAsyncValidators: null, value: '', _status: [Computed: VALID], statusReactive: [Signal: VALID], errors: null, _pristine: [Computed: true], pristineReactive: [Signal: true], _touched: [Computed: false], touchedReactive: [Signal: false], _events: Subject{closed: ..., currentObservers: ..., observers: ..., isStopped: ..., hasError: ..., thrownError: ...}, events: Observable{source: ...}, valueChanges: EventEmitter_{closed: ..., currentObservers: ..., observers: ..., isStopped: ..., hasError: ..., thrownError: ..., __isAsync: ..., destroyRef: ..., pendingTasks: ...}, statusChanges: EventEmitter_{closed: ..., currentObservers: ..., observers: ..., isStopped: ..., hasError: ..., thrownError: ..., __isAsync: ..., destroyRef: ..., pendingTasks: ...}, _onDisabledChange: [], defaultValue: null, _onChange: [], _pendingValue: '', _pendingChange: false}, phoneNumber: FormControl{_pendingDirty: false, _hasOwnPendingAsyncValidator: null, _pendingTouched: false, _onCollectionChange: () => { ... }, _updateOn: undefined, _parent: FormGroup{_pendingDirty: ..., _hasOwnPendingAsyncValidator: ..., _pendingTouched: ..., _onCollectionChange: ..., _updateOn: ..., _parent: ..., _asyncValidationSubscription: ..., _composedValidatorFn: ..., _composedAsyncValidatorFn: ..., _rawValidators: ..., _rawAsyncValidators: ..., value: ..., _status: ..., statusReactive: ..., errors: ..., _pristine: ..., pristineReactive: ..., _touched: ..., touchedReactive: ..., _events: ..., events: ..., valueChanges: ..., statusChanges: ..., _onDisabledChange: ..., controls: ...}, _asyncValidationSubscription: undefined, _composedValidatorFn: null, _composedAsyncValidatorFn: null, _rawValidators: null, _rawAsyncValidators: null, value: '', _status: [Computed: VALID], statusReactive: [Signal: VALID], errors: null, _pristine: [Computed: true], pristineReactive: [Signal: true], _touched: [Computed: false], touchedReactive: [Signal: false], _events: Subject{closed: ..., currentObservers: ..., observers: ..., isStopped: ..., hasError: ..., thrownError: ...}, events: Observable{source: ...}, valueChanges: EventEmitter_{closed: ..., currentObservers: ..., observers: ..., isStopped: ..., hasError: ..., thrownError: ..., __isAsync: ..., destroyRef: ..., pendingTasks: ...}, statusChanges: EventEmitter_{closed: ..., currentObservers: ..., observers: ..., isStopped: ..., hasError: ..., thrownError: ..., __isAsync: ..., destroyRef: ..., pendingTasks: ...}, _onDisabledChange: [...], defaultValue: null, _onChange: [...], _pendingValue: '', _pendingChange: false}, birthDate: FormControl{_pendingDirty: false, _hasOwnPendingAsyncValidator: null, _pendingTouched: false, _onCollectionChange: () => { ... }, _updateOn: undefined, _parent: FormGroup{_pendingDirty: ..., _hasOwnPendingAsyncValidator: ..., _pendingTouched: ..., _onCollectionChange: ..., _updateOn: ..., _parent: ..., _asyncValidationSubscription: ..., _composedValidatorFn: ..., _composedAsyncValidatorFn: ..., _rawValidators: ..., _rawAsyncValidators: ..., value: ..., _status: ..., statusReactive: ..., errors: ..., _pristine: ..., pristineReactive: ..., _touched: ..., touchedReactive: ..., _events: ..., events: ..., valueChanges: ..., statusChanges: ..., _onDisabledChange: ..., controls: ...}, _asyncValidationSubscription: undefined, _composedValidatorFn: null, _composedAsyncValidatorFn: null, _rawValidators: null, _rawAsyncValidators: null, value: '', _status: [Computed: VALID], statusReactive: [Signal: VALID], errors: null, _pristine: [Computed: true], pristineReactive: [Signal: true], _touched: [Computed: false], touchedReactive: [Signal: false], _events: Subject{closed: ..., currentObservers: ..., observers: ..., isStopped: ..., hasError: ..., thrownError: ...}, events: Observable{source: ...}, valueChanges: EventEmitter_{closed: ..., currentObservers: ..., observers: ..., isStopped: ..., hasError: ..., thrownError: ..., __isAsync: ..., destroyRef: ..., pendingTasks: ...}, statusChanges: EventEmitter_{closed: ..., currentObservers: ..., observers: ..., isStopped: ..., hasError: ..., thrownError: ..., __isAsync: ..., destroyRef: ..., pendingTasks: ...}, _onDisabledChange: [...], defaultValue: null, _onChange: [...], _pendingValue: '', _pendingChange: false}, classKey: FormControl{_pendingDirty: false, _hasOwnPendingAsyncValidator: null, _pendingTouched: false, _onCollectionChange: () => { ... }, _updateOn: undefined, _parent: FormGroup{_pendingDirty: ..., _hasOwnPendingAsyncValidator: ..., _pendingTouched: ..., _onCollectionChange: ..., _updateOn: ..., _parent: ..., _asyncValidationSubscription: ..., _composedValidatorFn: ..., _composedAsyncValidatorFn: ..., _rawValidators: ..., _rawAsyncValidators: ..., value: ..., _status: ..., statusReactive: ..., errors: ..., _pristine: ..., pristineReactive: ..., _touched: ..., touchedReactive: ..., _events: ..., events: ..., valueChanges: ..., statusChanges: ..., _onDisabledChange: ..., controls: ...}, _asyncValidationSubscription: undefined, _composedValidatorFn: null, _composedAsyncValidatorFn: null, _rawValidators: null, _rawAsyncValidators: null, value: '', _status: [Computed: VALID], statusReactive: [Signal: VALID], errors: null, _pristine: [Computed: true], pristineReactive: [Signal: true], _touched: [Computed: false], touchedReactive: [Signal: false], _events: Subject{closed: ..., currentObservers: ..., observers: ..., isStopped: ..., hasError: ..., thrownError: ...}, events: Observable{source: ...}, valueChanges: EventEmitter_{closed: ..., currentObservers: ..., observers: ..., isStopped: ..., hasError: ..., thrownError: ..., __isAsync: ..., destroyRef: ..., pendingTasks: ...}, statusChanges: EventEmitter_{closed: ..., currentObservers: ..., observers: ..., isStopped: ..., hasError: ..., thrownError: ..., __isAsync: ..., destroyRef: ..., pendingTasks: ...}, _onDisabledChange: [...], defaultValue: null, _onChange: [...], _pendingValue: '', _pendingChange: false}, classes: FormControl{_pendingDirty: false, _hasOwnPendingAsyncValidator: null, _pendingTouched: false, _onCollectionChange: () => { ... }, _updateOn: undefined, _parent: FormGroup{_pendingDirty: ..., _hasOwnPendingAsyncValidator: ..., _pendingTouched: ..., _onCollectionChange: ..., _updateOn: ..., _parent: ..., _asyncValidationSubscription: ..., _composedValidatorFn: ..., _composedAsyncValidatorFn: ..., _rawValidators: ..., _rawAsyncValidators: ..., value: ..., _status: ..., statusReactive: ..., errors: ..., _pristine: ..., pristineReactive: ..., _touched: ..., touchedReactive: ..., _events: ..., events: ..., valueChanges: ..., statusChanges: ..., _onDisabledChange: ..., controls: ...}, _asyncValidationSubscription: undefined, _composedValidatorFn: null, _composedAsyncValidatorFn: null, _rawValidators: null, _rawAsyncValidators: null, value: [], _status: [Computed: VALID], statusReactive: [Signal: VALID], errors: null, _pristine: [Computed: true], pristineReactive: [Signal: true], _touched: [Computed: false], touchedReactive: [Signal: false], _events: Subject{closed: ..., currentObservers: ..., observers: ..., isStopped: ..., hasError: ..., thrownError: ...}, events: Observable{source: ...}, valueChanges: EventEmitter_{closed: ..., currentObservers: ..., observers: ..., isStopped: ..., hasError: ..., thrownError: ..., __isAsync: ..., destroyRef: ..., pendingTasks: ...}, statusChanges: EventEmitter_{closed: ..., currentObservers: ..., observers: ..., isStopped: ..., hasError: ..., thrownError: ..., __isAsync: ..., destroyRef: ..., pendingTasks: ...}, _onDisabledChange: [], defaultValue: null, _onChange: [], _pendingValue: [], _pendingChange: false}}[39m
Chrome Headless 143.0.0.0 (Linux 0.0.0): Executed 21 of 131[32m SUCCESS[39m (0 secs / 0.419 secs)
LOG: 'Form controls after view init:', Object{firstName: FormControl{_pendingDirty: false, _hasOwnPendingAsyncValidator: null, _pendingTouched: false, _onCollectionChange: () => { ... }, _updateOn: undefined, _parent: FormGroup{_pendingDirty: ..., _hasOwnPendingAsyncValidator: ..., _pendingTouched: ..., _onCollectionChange: ..., _updateOn: ..., _parent: ..., _asyncValidationSubscription: ..., _composedValidatorFn: ..., _composedAsyncValidatorFn: ..., _rawValidators: ..., _rawAsyncValidators: ..., value: ..., _status: ..., statusReactive: ..., errors: ..., _pristine: ..., pristineReactive: ..., _touched: ..., touchedReactive: ..., _events: ..., events: ..., valueChanges: ..., statusChanges: ..., _onDisabledChange: ..., controls: ...}, _asyncValidationSubscription: undefined, _composedValidatorFn: function (control) { ... }, _composedAsyncValidatorFn: null, _rawValidators: [...], _rawAsyncValidators: null, value: '', _status: [Computed: INVALID], statusReactive: [Signal: INVALID], errors: Object{required: ...}, _pristine: [Computed: true], pristineReactive: [Signal: true], _touched: [Computed: false], touchedReactive: [Signal: false], _events: Subject{closed: ..., currentObservers: ..., observers: ..., isStopped: ..., hasError: ..., thrownError: ...}, events: Observable{source: ...}, valueChanges: EventEmitter_{closed: ..., currentObservers: ..., observers: ..., isStopped: ..., hasError: ..., thrownError: ..., __isAsync: ..., destroyRef: ..., pendingTasks: ...}, statusChanges: EventEmitter_{closed: ..., currentObservers: ..., observers: ..., isStopped: ..., hasError: ..., thrownError: ..., __isAsync: ..., destroyRef: ..., pendingTasks: ...}, _onDisabledChange: [...], defaultValue: null, _onChange: [...], _pendingValue: '', _pendingChange: false}, lastName: FormControl{_pendingDirty: false, _hasOwnPendingAsyncValidator: null, _pendingTouched: false, _onCollectionChange: () => { ... }, _updateOn: undefined, _parent: FormGroup{_pendingDirty: ..., _hasOwnPendingAsyncValidator: ..., _pendingTouched: ..., _onCollectionChange: ..., _updateOn: ..., _parent: ..., _asyncValidationSubscription: ..., _composedValidatorFn: ..., _composedAsyncValidatorFn: ..., _rawValidators: ..., _rawAsyncValidators: ..., value: ..., _status: ..., statusReactive: ..., errors: ..., _pristine: ..., pristineReactive: ..., _touched: ..., touchedReactive: ..., _events: ..., events: ..., valueChanges: ..., statusChanges: ..., _onDisabledChange: ..., controls: ...}, _asyncValidationSubscription: undefined, _composedValidatorFn: function (control) { ... }, _composedAsyncValidatorFn: null, _rawValidators: [...], _rawAsyncValidators: null, value: '', _status: [Computed: INVALID], statusReactive: [Signal: INVALID], errors: Object{required: ...}, _pristine: [Computed: true], pristineReactive: [Signal: true], _touched: [Computed: false], touchedReactive: [Signal: false], _events: Subject{closed: ..., currentObservers: ..., observers: ..., isStopped: ..., hasError: ..., thrownError: ...}, events: Observable{source: ...}, valueChanges: EventEmitter_{closed: ..., currentObservers: ..., observers: ..., isStopped: ..., hasError: ..., thrownError: ..., __isAsync: ..., destroyRef: ..., pendingTasks: ...}, statusChanges: EventEmitter_{closed: ..., currentObservers: ..., observers: ..., isStopped: ..., hasError: ..., thrownError: ..., __isAsync: ..., destroyRef: ..., pendingTasks: ...}, _onDisabledChange: [...], defaultValue: null, _onChange: [...], _pendingValue: '', _pendingChange: false}, userName: FormControl{_pendingDirty: false, _hasOwnPendingAsyncValidator: null, _pendingTouched: false, _onCollectionChange: () => { ... }, _updateOn: undefined, _parent: FormGroup{_pendingDirty: ..., _hasOwnPendingAsyncValidator: ..., _pendingTouched: ..., _onCollectionChange: ..., _updateOn: ..., _parent: ..., _asyncValidationSubscription: ..., _composedValidatorFn: ..., _composedAsyncValidatorFn: ..., _rawValidators: ..., _rawAsyncValidators: ..., value: ..., _status: ..., statusReactive: ..., errors: ..., _pristine: ..., pristineReactive: ..., _touched: ..., touchedReactive: ..., _events: ..., events: ..., valueChanges: ..., statusChanges: ..., _onDisabledChange: ..., controls: ...}, _asyncValidationSubscription: undefined, _composedValidatorFn: null, _composedAsyncValidatorFn: null, _rawValidators: null, _rawAsyncValidators: null, value: '', _status: [Computed: VALID], statusReactive: [Signal: VALID], errors: null, _pristine: [Computed: true], pristineReactive: [Signal: true], _touched: [Computed: false], touchedReactive: [Signal: false], _events: Subject{closed: ..., currentObservers: ..., observers: ..., isStopped: ..., hasError: ..., thrownError: ...}, events: Observable{source: ...}, valueChanges: EventEmitter_{closed: ..., currentObservers: ..., observers: ..., isStopped: ..., hasError: ..., thrownError: ..., __isAsync: ..., destroyRef: ..., pendingTasks: ...}, statusChanges: EventEmitter_{closed: ..., currentObservers: ..., observers: ..., isStopped: ..., hasError: ..., thrownError: ..., __isAsync: ..., destroyRef: ..., pendingTasks: ...}, _onDisabledChange: [...], defaultValue: null, _onChange: [...], _pendingValue: '', _pendingChange: false}, email: FormControl{_pendingDirty: false, _hasOwnPendingAsyncValidator: null, _pendingTouched: false, _onCollectionChange: () => { ... }, _updateOn: undefined, _parent: FormGroup{_pendingDirty: ..., _hasOwnPendingAsyncValidator: ..., _pendingTouched: ..., _onCollectionChange: ..., _updateOn: ..., _parent: ..., _asyncValidationSubscription: ..., _composedValidatorFn: ..., _composedAsyncValidatorFn: ..., _rawValidators: ..., _rawAsyncValidators: ..., value: ..., _status: ..., statusReactive: ..., errors: ..., _pristine: ..., pristineReactive: ..., _touched: ..., touchedReactive: ..., _events: ..., events: ..., valueChanges: ..., statusChanges: ..., _onDisabledChange: ..., controls: ...}, _asyncValidationSubscription: undefined, _composedValidatorFn: function (control) { ... }, _composedAsyncValidatorFn: null, _rawValidators: [...], _rawAsyncValidators: null, value: '', _status: [Computed: INVALID], statusReactive: [Signal: INVALID], errors: Object{required: ...}, _pristine: [Computed: true], pristineReactive: [Signal: true], _touched: [Computed: false], touchedReactive: [Signal: false], _events: Subject{closed: ..., currentObservers: ..., observers: ..., isStopped: ..., hasError: ..., thrownError: ...}, events: Observable{source: ...}, valueChanges: EventEmitter_{closed: ..., currentObservers: ..., observers: ..., isStopped: ..., hasError: ..., thrownError: ..., __isAsync: ..., destroyRef: ..., pendingTasks: ...}, statusChanges: EventEmitter_{closed: ..., currentObservers: ..., observers: ..., isStopped: ..., hasError: ..., thrownError: ..., __isAsync: ..., destroyRef: ..., pendingTasks: ...}, _onDisabledChange: [...], defaultValue: null, _onChange: [...], _pendingValue: '', _pendingChange: false}, role: FormControl{_pendingDirty: false, _hasOwnPendingAsyncValidator: null, _pendingTouched: false, _onCollectionChange: () => { ... }, _updateOn: undefined, _parent: FormGroup{_pendingDirty: ..., _hasOwnPendingAsyncValidator: ..., _pendingTouched: ..., _onCollectionChange: ..., _updateOn: ..., _parent: ..., _asyncValidationSubscription: ..., _composedValidatorFn: ..., _composedAsyncValidatorFn: ..., _rawValidators: ..., _rawAsyncValidators: ..., value: ..., _status: ..., statusReactive: ..., errors: ..., _pristine: ..., pristineReactive: ..., _touched: ..., touchedReactive: ..., _events: ..., events: ..., valueChanges: ..., statusChanges: ..., _onDisabledChange: ..., controls: ...}, _asyncValidationSubscription: undefined, _composedValidatorFn: null, _composedAsyncValidatorFn: null, _rawValidators: null, _rawAsyncValidators: null, value: 3, _status: [Computed: VALID], statusReactive: [Signal: VALID], errors: null, _pristine: [Computed: true], pristineReactive: [Signal: true], _touched: [Computed: false], touchedReactive: [Signal: false], _events: Subject{closed: ..., currentObservers: ..., observers: ..., isStopped: ..., hasError: ..., thrownError: ...}, events: Observable{source: ...}, valueChanges: EventEmitter_{closed: ..., currentObservers: ..., observers: ..., isStopped: ..., hasError: ..., thrownError: ..., __isAsync: ..., destroyRef: ..., pendingTasks: ...}, statusChanges: EventEmitter_{closed: ..., currentObservers: ..., observers: ..., isStopped: ..., hasError: ..., thrownError: ..., __isAsync: ..., destroyRef: ..., pendingTasks: ...}, _onDisabledChange: [...], defaultValue: null, _onChange: [...], _pendingValue: 3, _pendingChange: false}, DVA: FormControl{_pendingDirty: false, _hasOwnPendingAsyncValidator: null, _pendingTouched: false, _onCollectionChange: () => { ... }, _updateOn: undefined, _parent: FormGroup{_pendingDirty: ..., _hasOwnPendingAsyncValidator: ..., _pendingTouched: ..., _onCollectionChange: ..., _updateOn: ..., _parent: ..., _asyncValidationSubscription: ..., _composedValidatorFn: ..., _composedAsyncValidatorFn: ..., _rawValidators: ..., _rawAsyncValidators: ..., value: ..., _status: ..., statusReactive: ..., errors: ..., _pristine: ..., pristineReactive: ..., _touched: ..., touchedReactive: ..., _events: ..., events: ..., valueChanges: ..., statusChanges: ..., _onDisabledChange: ..., controls: ...}, _asyncValidationSubscription: undefined, _composedValidatorFn: null, _composedAsyncValidatorFn: null, _rawValidators: null, _rawAsyncValidators: null, value: false, _status: [Computed: VALID], statusReactive: [Signal: VALID], errors: null, _pristine: [Computed: true], pristineReactive: [Signal: true], _touched: [Computed: false], touchedReactive: [Signal: false], _events: Subject{closed: ..., currentObservers: ..., observers: ..., isStopped: ..., hasError: ..., thrownError: ...}, events: Observable{source: ...}, valueChanges: EventEmitter_{closed: ..., currentObservers: ..., observers: ..., isStopped: ..., hasError: ..., thrownError: ..., __isAsync: ..., destroyRef: ..., pendingTasks: ...}, statusChanges: EventEmitter_{closed: ..., currentObservers: ..., observers: ..., isStopped: ..., hasError: ..., thrownError: ..., __isAsync: ..., destroyRef: ..., pendingTasks: ...}, _onDisabledChange: [...], defaultValue: null, _onChange: [...], _pendingValue: false, _pendingChange: false}, DSA: FormControl{_pendingDirty: false, _hasOwnPendingAsyncValidator: null, _pendingTouched: false, _onCollectionChange: () => { ... }, _updateOn: undefined, _parent: FormGroup{_pendingDirty: ..., _hasOwnPendingAsyncValidator: ..., _pendingTouched: ..., _onCollectionChange: ..., _updateOn: ..., _parent: ..., _asyncValidationSubscription: ..., _composedValidatorFn: ..., _composedAsyncValidatorFn: ..., _rawValidators: ..., _rawAsyncValidators: ..., value: ..., _status: ..., statusReactive: ..., errors: ..., _pristine: ..., pristineReactive: ..., _touched: ..., touchedReactive: ..., _events: ..., events: ..., valueChanges: ..., statusChanges: ..., _onDisabledChange: ..., controls: ...}, _asyncValidationSubscription: undefined, _composedValidatorFn: null, _composedAsyncValidatorFn: null, _rawValidators: null, _rawAsyncValidators: null, value: false, _status: [Computed: VALID], statusReactive: [Signal: VALID], errors: null, _pristine: [Computed: true], pristineReactive: [Signal: true], _touched: [Computed: false], touchedReactive: [Signal: false], _events: Subject{closed: ..., currentObservers: ..., observers: ..., isStopped: ..., hasError: ..., thrownError: ...}, events: Observable{source: ...}, valueChanges: EventEmitter_{closed: ..., currentObservers: ..., observers: ..., isStopped: ..., hasError: ..., thrownError: ..., __isAsync: ..., destroyRef: ..., pendingTasks: ...}, statusChanges: EventEmitter_{closed: ..., currentObservers: ..., observers: ..., isStopped: ..., hasError: ..., thrownError: ..., __isAsync: ..., destroyRef: ..., pendingTasks: ...}, _onDisabledChange: [...], defaultValue: null, _onChange: [...], _pendingValue: false, _pendingChange: false}, BES: FormControl{_pendingDirty: false, _hasOwnPendingAsyncValidator: null, _pendingTouched: false, _onCollectionChange: () => { ... }, _updateOn: undefined, _parent: FormGroup{_pendingDirty: ..., _hasOwnPendingAsyncValidator: ..., _pendingTouched: ..., _onCollectionChange: ..., _updateOn: ..., _parent: ..., _asyncValidationSubscription: ..., _composedValidatorFn: ..., _composedAsyncValidatorFn: ..., _rawValidators: ..., _rawAsyncValidators: ..., value: ..., _status: ..., statusReactive: ..., errors: ..., _pristine: ..., pristineReactive: ..., _touched: ..., touchedReactive: ..., _events: ..., events: ..., valueChanges: ..., statusChanges: ..., _onDisabledChange: ..., controls: ...}, _asyncValidationSubscription: undefined, _composedValidatorFn: null, _composedAsyncValidatorFn: null, _rawValidators: null, _rawAsyncValidators: null, value: false, _status: [Computed: VALID], statusReactive: [Signal: VALID], errors: null, _pristine: [Computed: true], pristineReactive: [Signal: true], _touched: [Computed: false], touchedReactive: [Signal: false], _events: Subject{closed: ..., currentObservers: ..., observers: ..., isStopped: ..., hasError: ..., thrownError: ...}, events: Observable{source: ...}, valueChanges: EventEmitter_{closed: ..., currentObservers: ..., observers: ..., isStopped: ..., hasError: ..., thrownError: ..., __isAsync: ..., destroyRef: ..., pendingTasks: ...}, statusChanges: EventEmitter_{closed: ..., currentObservers: ..., observers: ..., isStopped: ..., hasError: ..., thrownError: ..., __isAsync: ..., destroyRef: ..., pendingTasks: ...}, _onDisabledChange: [...], defaultValue: null, _onChange: [...], _pendingValue: false, _pendingChange: false}, ADHD: FormControl{_pendingDirty: false, _hasOwnPendingAsyncValidator: null, _pendingTouched: false, _onCollectionChange: () => { ... }, _updateOn: undefined, _parent: FormGroup{_pendingDirty: ..., _hasOwnPendingAsyncValidator: ..., _pendingTouched: ..., _onCollectionChange: ..., _updateOn: ..., _parent: ..., _asyncValidationSubscription: ..., _composedValidatorFn: ..., _composedAsyncValidatorFn: ..., _rawValidators: ..., _rawAsyncValidators: ..., value: ..., _status: ..., statusReactive: ..., errors: ..., _pristine: ..., pristineReactive: ..., _touched: ..., touchedReactive: ..., _events: ..., events: ..., valueChanges: ..., statusChanges: ..., _onDisabledChange: ..., controls: ...}, _asyncValidationSubscription: undefined, _composedValidatorFn: null, _composedAsyncValidatorFn: null, _rawValidators: null, _rawAsyncValidators: null, value: false, _status: [Computed: VALID], statusReactive: [Signal: VALID], errors: null, _pristine: [Computed: true], pristineReactive: [Signal: true], _touched: [Computed: false], touchedReactive: [Signal: false], _events: Subject{closed: ..., currentObservers: ..., observers: ..., isStopped: ..., hasError: ..., thrownError: ...}, events: Observable{source: ...}, valueChanges: EventEmitter_{closed: ..., currentObservers: ..., observers: ..., isStopped: ..., hasError: ..., thrownError: ..., __isAsync: ..., destroyRef: ..., pendingTasks: ...}, statusChanges: EventEmitter_{closed: ..., currentObservers: ..., observers: ..., isStopped: ..., hasError: ..., thrownError: ..., __isAsync: ..., destroyRef: ..., pendingTasks: ...}, _onDisabledChange: [...], defaultValue: null, _onChange: [...], _pendingValue: false, _pendingChange: false}, noteDisabilita: FormControl{_pendingDirty: false, _hasOwnPendingAsyncValidator: null, _pendingTouched: false, _onCollectionChange: () => { ... }, _updateOn: undefined, _parent: FormGroup{_pendingDirty: ..., _hasOwnPendingAsyncValidator: ..., _pendingTouched: ..., _onCollectionChange: ..., _updateOn: ..., _parent: ..., _asyncValidationSubscription: ..., _composedValidatorFn: ..., _composedAsyncValidatorFn: ..., _rawValidators: ..., _rawAsyncValidators: ..., value: ..., _status: ..., statusReactive: ..., errors: ..., _pristine: ..., pristineReactive: ..., _touched: ..., touchedReactive: ..., _events: ..., events: ..., valueChanges: ..., statusChanges: ..., _onDisabledChange: ..., controls: ...}, _asyncValidationSubscription: undefined, _composedValidatorFn: null, _composedAsyncValidatorFn: null, _rawValidators: null, _rawAsyncValidators: null, value: '', _status: [Computed: VALID], statusReactive: [Signal: VALID], errors: null, _pristine: [Computed: true], pristineReactive: [Signal: true], _touched: [Computed: false], touchedReactive: [Signal: false], _events: Subject{closed: ..., currentObservers: ..., observers: ..., isStopped: ..., hasError: ..., thrownError: ...}, events: Observable{source: ...}, valueChanges: EventEmitter_{closed: ..., currentObservers: ..., observers: ..., isStopped: ..., hasError: ..., thrownError: ..., __isAsync: ..., destroyRef: ..., pendingTasks: ...}, statusChanges: EventEmitter_{closed: ..., currentObservers: ..., observers: ..., isStopped: ..., hasError: ..., thrownError: ..., __isAsync: ..., destroyRef: ..., pendingTasks: ...}, _onDisabledChange: [...], defaultValue: null, _onChange: [...], _pendingValue: '', _pendingChange: false}, pdpUrl: FormControl{_pendingDirty: false, _hasOwnPendingAsyncValidator: null, _pendingTouched: false, _onCollectionChange: () => { ... }, _updateOn: undefined, _parent: FormGroup{_pendingDirty: ..., _hasOwnPendingAsyncValidator: ..., _pendingTouched: ..., _onCollectionChange: ..., _updateOn: ..., _parent: ..., _asyncValidationSubscription: ..., _composedValidatorFn: ..., _composedAsyncValidatorFn: ..., _rawValidators: ..., _rawAsyncValidators: ..., value: ..., _status: ..., statusReactive: ..., errors: ..., _pristine: ..., pristineReactive: ..., _touched: ..., touchedReactive: ..., _events: ..., events: ..., valueChanges: ..., statusChanges: ..., _onDisabledChange: ..., controls: ...}, _asyncValidationSubscription: undefined, _composedValidatorFn: null, _composedAsyncValidatorFn: null, _rawValidators: null, _rawAsyncValidators: null, value: '', _status: [Computed: VALID], statusReactive: [Signal: VALID], errors: null, _pristine: [Computed: true], pristineReactive: [Signal: true], _touched: [Computed: false], touchedReactive: [Signal: false], _events: Subject{closed: ..., currentObservers: ..., observers: ..., isStopped: ..., hasError: ..., thrownError: ...}, events: Observable{source: ...}, valueChanges: EventEmitter_{closed: ..., currentObservers: ..., observers: ..., isStopped: ..., hasError: ..., thrownError: ..., __isAsync: ..., destroyRef: ..., pendingTasks: ...}, statusChanges: EventEmitter_{closed: ..., currentObservers: ..., observers: ..., isStopped: ..., hasError: ..., thrownError: ..., __isAsync: ..., destroyRef: ..., pendingTasks: ...}, _onDisabledChange: [], defaultValue: null, _onChange: [], _pendingValue: '', _pendingChange: false}, phoneNumber: FormControl{_pendingDirty: false, _hasOwnPendingAsyncValidator: null, _pendingTouched: false, _onCollectionChange: () => { ... }, _updateOn: undefined, _parent: FormGroup{_pendingDirty: ..., _hasOwnPendingAsyncValidator: ..., _pendingTouched: ..., _onCollectionChange: ..., _updateOn: ..., _parent: ..., _asyncValidationSubscription: ..., _composedValidatorFn: ..., _composedAsyncValidatorFn: ..., _rawValidators: ..., _rawAsyncValidators: ..., value: ..., _status: ..., statusReactive: ..., errors: ..., _pristine: ..., pristineReactive: ..., _touched: ..., touchedReactive: ..., _events: ..., events: ..., valueChanges: ..., statusChanges: ..., _onDisabledChange: ..., controls: ...}, _asyncValidationSubscription: undefined, _composedValidatorFn: null, _composedAsyncValidatorFn: null, _rawValidators: null, _rawAsyncValidators: null, value: '', _status: [Computed: VALID], statusReactive: [Signal: VALID], errors: null, _pristine: [Computed: true], pristineReactive: [Signal: true], _touched: [Computed: false], touchedReactive: [Signal: false], _events: Subject{closed: ..., currentObservers: ..., observers: ..., isStopped: ..., hasError: ..., thrownError: ...}, events: Observable{source: ...}, valueChanges: EventEmitter_{closed: ..., currentObservers: ..., observers: ..., isStopped: ..., hasError: ..., thrownError: ..., __isAsync: ..., destroyRef: ..., pendingTasks: ...}, statusChanges: EventEmitter_{closed: ..., currentObservers: ..., observers: ..., isStopped: ..., hasError: ..., thrownError: ..., __isAsync: ..., destroyRef: ..., pendingTasks: ...}, _onDisabledChange: [...], defaultValue: null, _onChange: [...], _pendingValue: '', _pendingChange: false}, birthDate: FormControl{_pendingDirty: false, _hasOwnPendingAsyncValidator: null, _pendingTouched: false, _onCollectionChange: () => { ... }, _updateOn: undefined, _parent: FormGroup{_pendingDirty: ..., _hasOwnPendingAsyncValidator: ..., _pendingTouched: ..., _onCollectionChange: ..., _updateOn: ..., _parent: ..., _asyncValidationSubscription: ..., _composedValidatorFn: ..., _composedAsyncValidatorFn: ..., _rawValidators: ..., _rawAsyncValidators: ..., value: ..., _status: ..., statusReactive: ..., errors: ..., _pristine: ..., pristineReactive: ..., _touched: ..., touchedReactive: ..., _events: ..., events: ..., valueChanges: ..., statusChanges: ..., _onDisabledChange: ..., controls: ...}, _asyncValidationSubscription: undefined, _composedValidatorFn: null, _composedAsyncValidatorFn: null, _rawValidators: null, _rawAsyncValidators: null, value: '', _status: [Computed: VALID], statusReactive: [Signal: VALID], errors: null, _pristine: [Computed: true], pristineReactive: [Signal: true], _touched: [Computed: false], touchedReactive: [Signal: false], _events: Subject{closed: ..., currentObservers: ..., observers: ..., isStopped: ..., hasError: ..., thrownError: ...}, events: Observable{source: ...}, valueChanges: EventEmitter_{closed: ..., currentObservers: ..., observers: ..., isStopped: ..., hasError: ..., thrownError: ..., __isAsync: ..., destroyRef: ..., pendingTasks: ...}, statusChanges: EventEmitter_{closed: ..., currentObservers: ..., observers: ..., isStopped: ..., hasError: ..., thrownError: ..., __isAsync: ..., destroyRef: ..., pendingTasks: ...}, _onDisabledChange: [...], defaultValue: null, _onChange: [...], _pendingValue: '', _pendingChange: false}, classKey: FormControl{_pendingDirty: false, _hasOwnPendingAsyncValidator: null, _pendingTouched: false, _onCollectionChange: () => { ... }, _updateOn: undefined, _parent: FormGroup{_pendingDirty: ..., _hasOwnPendingAsyncValidator: ..., _pendingTouched: ..., _onCollectionChange: ..., _updateOn: ..., _parent: ..., _asyncValidationSubscription: ..., _composedValidatorFn: ..., _composedAsyncValidatorFn: ..., _rawValidators: ..., _rawAsyncValidators: ..., value: ..., _status: ..., statusReactive: ..., errors: ..., _pristine: ..., pristineReactive: ..., _touched: ..., touchedReactive: ..., _events: ..., events: ..., valueChanges: ..., statusChanges: ..., _onDisabledChange: ..., controls: ...}, _asyncValidationSubscription: undefined, _composedValidatorFn: null, _composedAsyncValidatorFn: null, _rawValidators: null, _rawAsyncValidators: null, value: '', _status: [Computed: VALID], statusReactive: [Signal: VALID], errors: null, _pristine: [Computed: true], pristineReactive: [Signal: true], _touched: [Computed: false], touchedReactive: [Signal: false], _events: Subject{closed: ..., currentObservers: ..., observers: ..., isStopped: ..., hasError: ..., thrownError: ...}, events: Observable{source: ...}, valueChanges: EventEmitter_{closed: ..., currentObservers: ..., observers: ..., isStopped: ..., hasError: ..., thrownError: ..., __isAsync: ..., destroyRef: ..., pendingTasks: ...}, statusChanges: EventEmitter_{closed: ..., currentObservers: ..., observers: ..., isStopped: ..., hasError: ..., thrownError: ..., __isAsync: ..., destroyRef: ..., pendingTasks: ...}, _onDisabledChange: [...], defaultValue: null, _onChange: [...], _pendingValue: '', _pendingChange: false}, classes: FormControl{_pendingDirty: false, _hasOwnPendingAsyncValidator: null, _pendingTouched: false, _onCollectionChange: () => { ... }, _updateOn: undefined, _parent: FormGroup{_pendingDirty: ..., _hasOwnPendingAsyncValidator: ..., _pendingTouched: ..., _onCollectionChange: ..., _updateOn: ..., _parent: ..., _asyncValidationSubscription: ..., _composedValidatorFn: ..., _composedAsyncValidatorFn: ..., _rawValidators: ..., _rawAsyncValidators: ..., value: ..., _status: ..., statusReactive: ..., errors: ..., _pristine: ..., pristineReactive: ..., _touched: ..., touchedReactive: ..., _events: ..., events: ..., valueChanges: ..., statusChanges: ..., _onDisabledChange: ..., controls: ...}, _asyncValidationSubscription: undefined, _composedValidatorFn: null, _composedAsyncValidatorFn: null, _rawValidators: null, _rawAsyncValidators: null, value: [], _status: [Computed: VALID], statusReactive: [Signal: VALID], errors: null, _pristine: [Computed: true], pristineReactive: [Signal: true], _touched: [Computed: false], touchedReactive: [Signal: false], _events: Subject{closed: ..., currentObservers: ..., observers: ..., isStopped: ..., hasError: ..., thrownError: ...}, events: Observable{source: ...}, valueChanges: EventEmitter_{closed: ..., currentObservers: ..., observers: ..., isStopped: ..., hasError: ..., thrownError: ..., __isAsync: ..., destroyRef: ..., pendingTasks: ...}, statusChanges: EventEmitter_{closed: ..., currentObservers: ..., observers: ..., isStopped: ..., hasError: ..., thrownError: ..., __isAsync: ..., destroyRef: ..., pendingTasks: ...}, _onDisabledChange: [], defaultValue: null, _onChange: [], _pendingValue: [], _pendingChange: false}}
[1A[2KLOG: [36m'logged user*', UserModel{key: '', birthDate: '', email: '', firstName: '', DSA: false, DVA: false, BES: false, ADHD: false, noteDisabilita: '', pdpUrl: [], lastName: '', password: '', classKey: '', phoneNumber: '', role: 3, userName: '', assignedClasses: [], classesKey: []}[39m
Chrome Headless 143.0.0.0 (Linux 0.0.0): Executed 21 of 131[32m SUCCESS[39m (0 secs / 0.419 secs)
LOG: 'logged user*', UserModel{key: '', birthDate: '', email: '', firstName: '', DSA: false, DVA: false, BES: false, ADHD: false, noteDisabilita: '', pdpUrl: [], lastName: '', password: '', classKey: '', phoneNumber: '', role: 3, userName: '', assignedClasses: [], classesKey: []}
[1A[2KLOG: [36m'elenco classi*', [][39m
Chrome Headless 143.0.0.0 (Linux 0.0.0): Executed 21 of 131[32m SUCCESS[39m (0 secs / 0.419 secs)
LOG: 'elenco classi*', []
[1A[2KLOG: [36m'User input changed on effect*:', UserModel{key: '', birthDate: '', email: '', firstName: '', DSA: false, DVA: false, BES: false, ADHD: false, noteDisabilita: '', pdpUrl: [], lastName: '', password: '', classKey: '', phoneNumber: '', role: 3, userName: '', assignedClasses: [], classesKey: []}[39m
Chrome Headless 143.0.0.0 (Linux 0.0.0): Executed 21 of 131[32m SUCCESS[39m (0 secs / 0.419 secs)
LOG: 'User input changed on effect*:', UserModel{key: '', birthDate: '', email: '', firstName: '', DSA: false, DVA: false, BES: false, ADHD: false, noteDisabilita: '', pdpUrl: [], lastName: '', password: '', classKey: '', phoneNumber: '', role: 3, userName: '', assignedClasses: [], classesKey: []}
[1A[2KLOG: [36m'Form values after timeout:', Object{firstName: '', lastName: '', userName: '', email: '', role: 3, DVA: false, DSA: false, BES: false, ADHD: false, noteDisabilita: '', pdpUrl: '', phoneNumber: '', birthDate: '', classKey: '', classes: []}[39m
Chrome Headless 143.0.0.0 (Linux 0.0.0): Executed 21 of 131[32m SUCCESS[39m (0 secs / 0.419 secs)
LOG: 'Form values after timeout:', Object{firstName: '', lastName: '', userName: '', email: '', role: 3, DVA: false, DSA: false, BES: false, ADHD: false, noteDisabilita: '', pdpUrl: '', phoneNumber: '', birthDate: '', classKey: '', classes: []}
[1A[2KChrome Headless 143.0.0.0 (Linux 0.0.0): Executed 22 of 131[32m SUCCESS[39m (0 secs / 1.569 secs)
[1A[2KChrome Headless 143.0.0.0 (Linux 0.0.0): Executed 23 of 131[32m SUCCESS[39m (0 secs / 1.608 secs)
[1A[2KChrome Headless 143.0.0.0 (Linux 0.0.0): Executed 24 of 131[32m SUCCESS[39m (0 secs / 1.646 secs)
[1A[2KChrome Headless 143.0.0.0 (Linux 0.0.0): Executed 25 of 131[32m SUCCESS[39m (0 secs / 1.646 secs)
[1A[2KChrome Headless 143.0.0.0 (Linux 0.0.0): Executed 26 of 131[32m SUCCESS[39m (0 secs / 1.647 secs)
[1A[2KChrome Headless 143.0.0.0 (Linux 0.0.0): Executed 27 of 131[32m SUCCESS[39m (0 secs / 1.647 secs)
[1A[2KChrome Headless 143.0.0.0 (Linux 0.0.0): Executed 28 of 131[32m SUCCESS[39m (0 secs / 2.68 secs)
[1A[2KChrome Headless 143.0.0.0 (Linux 0.0.0): Executed 29 of 131[32m SUCCESS[39m (0 secs / 2.684 secs)
[1A[2KChrome Headless 143.0.0.0 (Linux 0.0.0): Executed 30 of 131[32m SUCCESS[39m (0 secs / 2.691 secs)
[1A[2KChrome Headless 143.0.0.0 (Linux 0.0.0): Executed 31 of 131[32m SUCCESS[39m (0 secs / 2.695 secs)
[1A[2KLOG: [36m'getEvaluation4studentAndTeacher', [][39m
Chrome Headless 143.0.0.0 (Linux 0.0.0): Executed 31 of 131[32m SUCCESS[39m (0 secs / 2.695 secs)
LOG: 'getEvaluation4studentAndTeacher', []
[1A[2KChrome Headless 143.0.0.0 (Linux 0.0.0): Executed 32 of 131[32m SUCCESS[39m (0 secs / 2.733 secs)
[1A[2KChrome Headless 143.0.0.0 (Linux 0.0.0): Executed 33 of 131[32m SUCCESS[39m (0 secs / 2.797 secs)
[1A[2KLOG: [36m'ConnectionStatusService - Initial status:', 'online'[39m
Chrome Headless 143.0.0.0 (Linux 0.0.0): Executed 33 of 131[32m SUCCESS[39m (0 secs / 2.797 secs)
LOG: 'ConnectionStatusService - Initial status:', 'online'
[1A[2KLOG: [36m'ConnectionStatusService - Updating status to: Online'[39m
Chrome Headless 143.0.0.0 (Linux 0.0.0): Executed 33 of 131[32m SUCCESS[39m (0 secs / 2.797 secs)
LOG: 'ConnectionStatusService - Updating status to: Online'
[1A[2KLOG: [36m'ConnectionStatusComponent - Constructor'[39m
Chrome Headless 143.0.0.0 (Linux 0.0.0): Executed 33 of 131[32m SUCCESS[39m (0 secs / 2.797 secs)
LOG: 'ConnectionStatusComponent - Constructor'
[1A[2KLOG: [36m'ConnectionStatusComponent - OnInit'[39m
Chrome Headless 143.0.0.0 (Linux 0.0.0): Executed 33 of 131[32m SUCCESS[39m (0 secs / 2.797 secs)
LOG: 'ConnectionStatusComponent - OnInit'
[1A[2KLOG: [36m'ConnectionStatusComponent - OnDestroy'[39m
Chrome Headless 143.0.0.0 (Linux 0.0.0): Executed 33 of 131[32m SUCCESS[39m (0 secs / 2.797 secs)
LOG: 'ConnectionStatusComponent - OnDestroy'
[1A[2KLOG: [36m'ConnectionStatusService - Destroying service'[39m
Chrome Headless 143.0.0.0 (Linux 0.0.0): Executed 33 of 131[32m SUCCESS[39m (0 secs / 2.797 secs)
LOG: 'ConnectionStatusService - Destroying service'
[1A[2KChrome Headless 143.0.0.0 (Linux 0.0.0): Executed 34 of 131[32m SUCCESS[39m (0 secs / 2.842 secs)
[1A[2KChrome Headless 143.0.0.0 (Linux 0.0.0): Executed 35 of 131[32m SUCCESS[39m (0 secs / 2.843 secs)
[1A[2KChrome Headless 143.0.0.0 (Linux 0.0.0): Executed 36 of 131[32m SUCCESS[39m (0 secs / 2.843 secs)
[1A[2KChrome Headless 143.0.0.0 (Linux 0.0.0): Executed 37 of 131[32m SUCCESS[39m (0 secs / 2.844 secs)
[1A[2KChrome Headless 143.0.0.0 (Linux 0.0.0): Executed 38 of 131[32m SUCCESS[39m (0 secs / 2.844 secs)
[1A[2KChrome Headless 143.0.0.0 (Linux 0.0.0): Executed 39 of 131[32m SUCCESS[39m (0 secs / 2.845 secs)
[1A[2K[31mChrome Headless 143.0.0.0 (Linux 0.0.0) ReservedNotes4studentsService should be created FAILED[39m
	ɵNotFound: NG0201: No provider found for `Firestore`. Source: DynamicTestModule. Path: ReservedNotes4studentsService -> Firestore. Find more at https://v20.angular.dev/errors/NG0201
	error properties: Object({ code: -201, ngErrorCode: -201, ngErrorMessage: 'No provider found for `Firestore`.', ngTokenPath: [ 'ReservedNotes4studentsService', 'Firestore' ] })
	ɵNotFound: NG0201: No provider found for `Firestore`. Source: DynamicTestModule. Path: ReservedNotes4studentsService -> Firestore. Find more at https://v20.angular.dev/errors/NG0201
	    at createRuntimeError (node_modules/@angular/core/fesm2022/root_effect_scheduler.mjs:924:19)
	    at NullInjector.get (node_modules/@angular/core/fesm2022/root_effect_scheduler.mjs:1494:27)
	    at R3Injector.get (node_modules/@angular/core/fesm2022/root_effect_scheduler.mjs:2052:33)
	    at R3Injector.get (node_modules/@angular/core/fesm2022/root_effect_scheduler.mjs:2052:33)
	    at R3Injector.retrieve (node_modules/@angular/core/fesm2022/root_effect_scheduler.mjs:1936:25)
	    at injectInjectorOnly (node_modules/@angular/core/fesm2022/root_effect_scheduler.mjs:1049:39)
	    at ɵɵinject (node_modules/@angular/core/fesm2022/root_effect_scheduler.mjs:1061:60)
	    at inject (node_modules/@angular/core/fesm2022/root_effect_scheduler.mjs:1149:12)
	    at new ReservedNotes4studentsService (src/app/pages/users/services/reservedNotes4Students/reserved-notes4students.service.ts:55:29)
	    at Object.ReservedNotes4studentsService_Factory [as factory] (ng:///ReservedNotes4studentsService/ɵfac.js:4:10)
Chrome Headless 143.0.0.0 (Linux 0.0.0): Executed 40 of 131[31m (1 FAILED)[39m (0 secs / 2.854 secs)
[1A[2K[31mChrome Headless 143.0.0.0 (Linux 0.0.0) ClassViewerComponent should create FAILED[39m
	Failed: NG0201: No provider found for `Firestore`. Source: DynamicTestModule. Path: ClassiService -> Firestore. Find more at https://v20.angular.dev/errors/NG0201
	error properties: Object({ code: -201, ngErrorCode: -201, ngErrorMessage: 'No provider found for `Firestore`.', ngTokenPath: [ 'ClassiService', 'Firestore' ] })
	ɵNotFound: NG0201: No provider found for `Firestore`. Source: DynamicTestModule. Path: ClassiService -> Firestore. Find more at https://v20.angular.dev/errors/NG0201
	    at createRuntimeError (node_modules/@angular/core/fesm2022/root_effect_scheduler.mjs:924:19)
	    at NullInjector.get (node_modules/@angular/core/fesm2022/root_effect_scheduler.mjs:1494:27)
	    at R3Injector.get (node_modules/@angular/core/fesm2022/root_effect_scheduler.mjs:2052:33)
	    at R3Injector.get (node_modules/@angular/core/fesm2022/root_effect_scheduler.mjs:2052:33)
	    at R3Injector.retrieve (node_modules/@angular/core/fesm2022/root_effect_scheduler.mjs:1936:25)
	    at injectInjectorOnly (node_modules/@angular/core/fesm2022/root_effect_scheduler.mjs:1049:39)
	    at ɵɵinject (node_modules/@angular/core/fesm2022/root_effect_scheduler.mjs:1061:60)
	    at inject (node_modules/@angular/core/fesm2022/root_effect_scheduler.mjs:1149:12)
	    at new ClassiService (src/app/pages/classes/services/classi.service.ts:32:29)
	    at Object.ClassiService_Factory [as factory] (ng:///ClassiService/ɵfac.js:4:10)
Chrome Headless 143.0.0.0 (Linux 0.0.0): Executed 41 of 131[31m (2 FAILED)[39m (0 secs / 2.869 secs)
[1A[2KLOG: [36m'selectedClasses', [][39m
Chrome Headless 143.0.0.0 (Linux 0.0.0): Executed 41 of 131[31m (2 FAILED)[39m (0 secs / 2.869 secs)
LOG: 'selectedClasses', []
[1A[2K[31mChrome Headless 143.0.0.0 (Linux 0.0.0) ClassesSelectorPage should create FAILED[39m
	Failed: this.$classes.getClassiOnRealtime is not a function
	    at ClassesSelectorPage.call [as ngOnInit] (src/app/pages/classes/pages/classes-selector/classes-selector.page.ts:152:19)
	    at callHookInternal (node_modules/@angular/core/fesm2022/debug_node.mjs:860:14)
	    at callHook (node_modules/@angular/core/fesm2022/debug_node.mjs:887:13)
	    at callHooks (node_modules/@angular/core/fesm2022/debug_node.mjs:841:17)
	    at executeInitAndCheckHooks (node_modules/@angular/core/fesm2022/debug_node.mjs:791:9)
	    at refreshView (node_modules/@angular/core/fesm2022/debug_node.mjs:10107:21)
	    at detectChangesInView (node_modules/@angular/core/fesm2022/debug_node.mjs:10312:9)
	    at detectChangesInViewWhileDirty (node_modules/@angular/core/fesm2022/debug_node.mjs:10001:9)
	    at detectChangesInternal (node_modules/@angular/core/fesm2022/debug_node.mjs:9989:9)
	    at ViewRef.detectChanges (node_modules/@angular/core/fesm2022/debug_node.mjs:10851:9)
Chrome Headless 143.0.0.0 (Linux 0.0.0): Executed 42 of 131[31m (3 FAILED)[39m (0 secs / 2.907 secs)
[1A[2KLOG: [36m'EventDialogComponent - ionViewWillEnter'[39m
Chrome Headless 143.0.0.0 (Linux 0.0.0): Executed 42 of 131[31m (3 FAILED)[39m (0 secs / 2.907 secs)
LOG: 'EventDialogComponent - ionViewWillEnter'
[1A[2KChrome Headless 143.0.0.0 (Linux 0.0.0): Executed 43 of 131[31m (3 FAILED)[39m (0 secs / 3.963 secs)
[1A[2KLOG: [36m' subscribed indicatorslist', [][39m
Chrome Headless 143.0.0.0 (Linux 0.0.0): Executed 43 of 131[31m (3 FAILED)[39m (0 secs / 3.963 secs)
LOG: ' subscribed indicatorslist', []
[1A[2KLOG: [36m'e', TypeError: Failed to construct 'URL': Invalid base URL
TypeError: Failed to construct 'URL': Invalid base URL
    at getAssetPath (http://localhost:9877/_karma_webpack_/webpack:/node_modules/@stencil/core/internal/client/index.js:345:20)
    at getNamedUrl (http://localhost:9877/_karma_webpack_/webpack:/node_modules/@ionic/core/components/icon.js:47:28)
    at getUrl (http://localhost:9877/_karma_webpack_/webpack:/node_modules/@ionic/core/components/icon.js:27:16)
    at Icon.loadIcon (http://localhost:9877/_karma_webpack_/webpack:/node_modules/@ionic/core/components/icon.js:365:25)
    at cb (http://localhost:9877/_karma_webpack_/webpack:/node_modules/@ionic/core/components/icon.js:303:18)
    at Icon.waitUntilVisible (http://localhost:9877/_karma_webpack_/webpack:/node_modules/@ionic/core/components/icon.js:348:20)
    at Icon.call (http://localhost:9877/_karma_webpack_/webpack:/node_modules/@ionic/core/components/icon.js:301:14)
    at Icon.appendChild [as connectedCallback] (http://localhost:9877/_karma_webpack_/webpack:/node_modules/@stencil/core/internal/client/index.js:3987:35)
    at NoneEncapsulationDomRenderer.appendChild (http://localhost:9877/_karma_webpack_/webpack:/node_modules/@angular/platform-browser/fesm2022/dom_renderer.mjs:559:22)
    at nativeAppendChild (http://localhost:9877/_karma_webpack_/webpack:/node_modules/@angular/core/fesm2022/debug_node.mjs:6796:14)[39m
Chrome Headless 143.0.0.0 (Linux 0.0.0): Executed 43 of 131[31m (3 FAILED)[39m (0 secs / 3.963 secs)
LOG: 'e', TypeError: Failed to construct 'URL': Invalid base URL
TypeError: Failed to construct 'URL': Invalid base URL
    at getAssetPath (http://localhost:9877/_karma_webpack_/webpack:/node_modules/@stencil/core/internal/client/index.js:345:20)
    at getNamedUrl (http://localhost:9877/_karma_webpack_/webpack:/node_modules/@ionic/core/components/icon.js:47:28)
    at getUrl (http://localhost:9877/_karma_webpack_/webpack:/node_modules/@ionic/core/components/icon.js:27:16)
    at Icon.loadIcon (http://localhost:9877/_karma_webpack_/webpack:/node_modules/@ionic/core/components/icon.js:365:25)
    at cb (http://localhost:9877/_karma_webpack_/webpack:/node_modules/@ionic/core/components/icon.js:303:18)
    at Icon.waitUntilVisible (http://localhost:9877/_karma_webpack_/webpack:/node_modules/@ionic/core/components/icon.js:348:20)
    at Icon.call (http://localhost:9877/_karma_webpack_/webpack:/node_modules/@ionic/core/components/icon.js:301:14)
    at Icon.appendChild [as connectedCallback] (http://localhost:9877/_karma_webpack_/webpack:/node_modules/@stencil/core/internal/client/index.js:3987:35)
    at NoneEncapsulationDomRenderer.appendChild (http://localhost:9877/_karma_webpack_/webpack:/node_modules/@angular/platform-browser/fesm2022/dom_renderer.mjs:559:22)
    at nativeAppendChild (http://localhost:9877/_karma_webpack_/webpack:/node_modules/@angular/core/fesm2022/debug_node.mjs:6796:14)
[1A[2KWARN: [36m'[Ionicons Warning]: Could not load icon with name "push". Ensure that the icon is registered using addIcons or that the icon SVG data is passed directly to the icon component.', <ion-icon _ngcontent-a-c2537734019="" name="push"></ion-icon>[39m
Chrome Headless 143.0.0.0 (Linux 0.0.0): Executed 43 of 131[31m (3 FAILED)[39m (0 secs / 3.963 secs)
WARN: '[Ionicons Warning]: Could not load icon with name "push". Ensure that the icon is registered using addIcons or that the icon SVG data is passed directly to the icon component.', <ion-icon _ngcontent-a-c2537734019="" name="push"></ion-icon>
[1A[2KLOG: [36m' subscribed indicatorslist', [][39m
Chrome Headless 143.0.0.0 (Linux 0.0.0): Executed 43 of 131[31m (3 FAILED)[39m (0 secs / 3.963 secs)
LOG: ' subscribed indicatorslist', []
[1A[2KLOG: [36m'indicatorsList', [][39m
Chrome Headless 143.0.0.0 (Linux 0.0.0): Executed 43 of 131[31m (3 FAILED)[39m (0 secs / 3.963 secs)
LOG: 'indicatorsList', []
[1A[2KLOG: [36m'indicatorslist ths is the effect', [][39m
Chrome Headless 143.0.0.0 (Linux 0.0.0): Executed 43 of 131[31m (3 FAILED)[39m (0 secs / 3.963 secs)
LOG: 'indicatorslist ths is the effect', []
[1A[2KLOG: [36m'indicatorsDialog ngOnInit', Indicatore{criteri: [], voto: 0, valore: '', descrizione: ''}[39m
Chrome Headless 143.0.0.0 (Linux 0.0.0): Executed 43 of 131[31m (3 FAILED)[39m (0 secs / 3.963 secs)
LOG: 'indicatorsDialog ngOnInit', Indicatore{criteri: [], voto: 0, valore: '', descrizione: ''}
[1A[2KLOG: [36m'e', TypeError: Failed to construct 'URL': Invalid base URL
TypeError: Failed to construct 'URL': Invalid base URL
    at getAssetPath (http://localhost:9877/_karma_webpack_/webpack:/node_modules/@stencil/core/internal/client/index.js:345:20)
    at getNamedUrl (http://localhost:9877/_karma_webpack_/webpack:/node_modules/@ionic/core/components/icon.js:47:28)
    at getUrl (http://localhost:9877/_karma_webpack_/webpack:/node_modules/@ionic/core/components/icon.js:27:16)
    at Icon.loadIcon (http://localhost:9877/_karma_webpack_/webpack:/node_modules/@ionic/core/components/icon.js:365:25)
    at Icon.componentDidLoad (http://localhost:9877/_karma_webpack_/webpack:/node_modules/@ionic/core/components/icon.js:317:18)
    at safeCall (http://localhost:9877/_karma_webpack_/webpack:/node_modules/@stencil/core/internal/client/index.js:3362:30)
    at postUpdateComponent (http://localhost:9877/_karma_webpack_/webpack:/node_modules/@stencil/core/internal/client/index.js:3295:5)
    at postUpdate (http://localhost:9877/_karma_webpack_/webpack:/node_modules/@stencil/core/internal/client/index.js:3223:30)
    at http://localhost:9877/_karma_webpack_/webpack:/node_modules/@stencil/core/internal/client/index.js:3225:7
    at Generator.next (<anonymous>)[39m
Chrome Headless 143.0.0.0 (Linux 0.0.0): Executed 43 of 131[31m (3 FAILED)[39m (0 secs / 3.963 secs)
LOG: 'e', TypeError: Failed to construct 'URL': Invalid base URL
TypeError: Failed to construct 'URL': Invalid base URL
    at getAssetPath (http://localhost:9877/_karma_webpack_/webpack:/node_modules/@stencil/core/internal/client/index.js:345:20)
    at getNamedUrl (http://localhost:9877/_karma_webpack_/webpack:/node_modules/@ionic/core/components/icon.js:47:28)
    at getUrl (http://localhost:9877/_karma_webpack_/webpack:/node_modules/@ionic/core/components/icon.js:27:16)
    at Icon.loadIcon (http://localhost:9877/_karma_webpack_/webpack:/node_modules/@ionic/core/components/icon.js:365:25)
    at Icon.componentDidLoad (http://localhost:9877/_karma_webpack_/webpack:/node_modules/@ionic/core/components/icon.js:317:18)
    at safeCall (http://localhost:9877/_karma_webpack_/webpack:/node_modules/@stencil/core/internal/client/index.js:3362:30)
    at postUpdateComponent (http://localhost:9877/_karma_webpack_/webpack:/node_modules/@stencil/core/internal/client/index.js:3295:5)
    at postUpdate (http://localhost:9877/_karma_webpack_/webpack:/node_modules/@stencil/core/internal/client/index.js:3223:30)
    at http://localhost:9877/_karma_webpack_/webpack:/node_modules/@stencil/core/internal/client/index.js:3225:7
    at Generator.next (<anonymous>)
[1A[2KWARN: [36m'[Ionicons Warning]: Could not load icon with name "push". Ensure that the icon is registered using addIcons or that the icon SVG data is passed directly to the icon component.', <ion-icon _ngcontent-a-c2537734019="" name="push" role="img" class="md hydrated"></ion-icon>[39m
Chrome Headless 143.0.0.0 (Linux 0.0.0): Executed 43 of 131[31m (3 FAILED)[39m (0 secs / 3.963 secs)
WARN: '[Ionicons Warning]: Could not load icon with name "push". Ensure that the icon is registered using addIcons or that the icon SVG data is passed directly to the icon component.', <ion-icon _ngcontent-a-c2537734019="" name="push" role="img" class="md hydrated"></ion-icon>
[1A[2KChrome Headless 143.0.0.0 (Linux 0.0.0): Executed 44 of 131[31m (3 FAILED)[39m (0 secs / 5.024 secs)
[1A[2KLOG: [36m'UserDialogPage constructor'[39m
Chrome Headless 143.0.0.0 (Linux 0.0.0): Executed 44 of 131[31m (3 FAILED)[39m (0 secs / 5.024 secs)
LOG: 'UserDialogPage constructor'
[1A[2K[31mChrome Headless 143.0.0.0 (Linux 0.0.0) UserDialogPage should create FAILED[39m
	Failed: Cannot read properties of undefined (reading 'subscribe')
	    at new NavController (node_modules/@ionic/angular/fesm2022/ionic-angular-common.mjs:438:27)
	    at Object.factory (node_modules/@ionic/angular/fesm2022/ionic-angular-common.mjs:613:35)
	    at callback (node_modules/@angular/core/fesm2022/root_effect_scheduler.mjs:2194:47)
	    at runInInjectorProfilerContext (node_modules/@angular/core/fesm2022/root_effect_scheduler.mjs:749:9)
	    at R3Injector.hydrate (node_modules/@angular/core/fesm2022/root_effect_scheduler.mjs:2192:21)
	    at R3Injector.get (node_modules/@angular/core/fesm2022/root_effect_scheduler.mjs:2040:33)
	    at R3Injector.get (node_modules/@angular/core/fesm2022/root_effect_scheduler.mjs:2052:33)
	    at ChainedInjector.get (node_modules/@angular/core/fesm2022/debug_node.mjs:13422:36)
	    at lookupTokenUsingModuleInjector (node_modules/@angular/core/fesm2022/debug_node.mjs:1718:39)
	    at getOrCreateInjectable (node_modules/@angular/core/fesm2022/debug_node.mjs:1766:12)
Chrome Headless 143.0.0.0 (Linux 0.0.0): Executed 45 of 131[31m (4 FAILED)[39m (0 secs / 5.037 secs)
[1A[2KLOG: [36m'ownerKey', ''[39m
Chrome Headless 143.0.0.0 (Linux 0.0.0): Executed 45 of 131[31m (4 FAILED)[39m (0 secs / 5.037 secs)
LOG: 'ownerKey', ''
[1A[2KLOG: [36m'getting notes for class', '', 'for user', ''[39m
Chrome Headless 143.0.0.0 (Linux 0.0.0): Executed 45 of 131[31m (4 FAILED)[39m (0 secs / 5.037 secs)
LOG: 'getting notes for class', '', 'for user', ''
[1A[2K[31mChrome Headless 143.0.0.0 (Linux 0.0.0) ClassReservedNotesService should be created FAILED[39m
	FirebaseError: Expected first argument to collection() to be a CollectionReference, a DocumentReference or FirebaseFirestore
	error properties: FirebaseError: [code=invalid-argument]: Expected first argument to collection() to be a CollectionReference, a DocumentReference or FirebaseFirestore
Chrome Headless 143.0.0.0 (Linux 0.0.0): Executed 46 of 131[31m (5 FAILED)[39m (0 secs / 5.039 secs)
[1A[2KChrome Headless 143.0.0.0 (Linux 0.0.0): Executed 47 of 131[31m (5 FAILED)[39m (0 secs / 5.039 secs)
[1A[2KChrome Headless 143.0.0.0 (Linux 0.0.0): Executed 48 of 131[31m (5 FAILED)[39m (0 secs / 5.04 secs)
[1A[2KChrome Headless 143.0.0.0 (Linux 0.0.0): Executed 49 of 131[31m (5 FAILED)[39m (0 secs / 5.04 secs)
[1A[2K[31mChrome Headless 143.0.0.0 (Linux 0.0.0) ClassViewerComponent should create FAILED[39m
	Failed: this.$subjects.fetchSubjectListOnRealTime is not a function
	    at ClassViewerComponent.call [as ngOnInit] (src/app/pages/classes/components/class-viewer/class-viewer.component.ts:46:20)
	    at callHookInternal (node_modules/@angular/core/fesm2022/debug_node.mjs:860:14)
	    at callHook (node_modules/@angular/core/fesm2022/debug_node.mjs:887:13)
	    at callHooks (node_modules/@angular/core/fesm2022/debug_node.mjs:841:17)
	    at executeInitAndCheckHooks (node_modules/@angular/core/fesm2022/debug_node.mjs:791:9)
	    at refreshView (node_modules/@angular/core/fesm2022/debug_node.mjs:10107:21)
	    at detectChangesInView (node_modules/@angular/core/fesm2022/debug_node.mjs:10312:9)
	    at detectChangesInViewWhileDirty (node_modules/@angular/core/fesm2022/debug_node.mjs:10001:9)
	    at detectChangesInternal (node_modules/@angular/core/fesm2022/debug_node.mjs:9989:9)
	    at ViewRef.detectChanges (node_modules/@angular/core/fesm2022/debug_node.mjs:10851:9)
Chrome Headless 143.0.0.0 (Linux 0.0.0): Executed 50 of 131[31m (6 FAILED)[39m (0 secs / 5.046 secs)
[1A[2KChrome Headless 143.0.0.0 (Linux 0.0.0): Executed 51 of 131[31m (6 FAILED)[39m (0 secs / 5.047 secs)
[1A[2KChrome Headless 143.0.0.0 (Linux 0.0.0): Executed 52 of 131[31m (6 FAILED)[39m (0 secs / 5.047 secs)
[1A[2KChrome Headless 143.0.0.0 (Linux 0.0.0): Executed 53 of 131[31m (6 FAILED)[39m (0 secs / 5.047 secs)
[1A[2KChrome Headless 143.0.0.0 (Linux 0.0.0): Executed 54 of 131[31m (6 FAILED)[39m (0 secs / 5.048 secs)
[1A[2KChrome Headless 143.0.0.0 (Linux 0.0.0): Executed 55 of 131[31m (6 FAILED)[39m (0 secs / 5.048 secs)
[1A[2KChrome Headless 143.0.0.0 (Linux 0.0.0): Executed 56 of 131[31m (6 FAILED)[39m (0 secs / 5.05 secs)
[1A[2KChrome Headless 143.0.0.0 (Linux 0.0.0): Executed 57 of 131[31m (6 FAILED)[39m (0 secs / 5.052 secs)
[1A[2KChrome Headless 143.0.0.0 (Linux 0.0.0): Executed 58 of 131[31m (6 FAILED)[39m (0 secs / 5.053 secs)
[1A[2KChrome Headless 143.0.0.0 (Linux 0.0.0): Executed 59 of 131[31m (6 FAILED)[39m (0 secs / 5.053 secs)
[1A[2KChrome Headless 143.0.0.0 (Linux 0.0.0): Executed 60 of 131[31m (6 FAILED)[39m (0 secs / 5.053 secs)
[1A[2KChrome Headless 143.0.0.0 (Linux 0.0.0): Executed 61 of 131[31m (6 FAILED)[39m (0 secs / 5.054 secs)
[1A[2KChrome Headless 143.0.0.0 (Linux 0.0.0): Executed 62 of 131[31m (6 FAILED)[39m (0 secs / 5.054 secs)
[1A[2KChrome Headless 143.0.0.0 (Linux 0.0.0): Executed 63 of 131[31m (6 FAILED)[39m (0 secs / 5.055 secs)
[1A[2K[31mChrome Headless 143.0.0.0 (Linux 0.0.0) ClassesFieldComponent should create FAILED[39m
	Failed: NG0201: No provider found for `ModalController`. Source: Standalone[ClassesFieldComponent]. Find more at https://v20.angular.dev/errors/NG0201
	error properties: Object({ code: -201, ngErrorCode: -201, ngErrorMessage: 'No provider found for `ModalController`.', ngTokenPath: [ 'ModalController' ] })
	ɵNotFound: NG0201: No provider found for `ModalController`. Source: Standalone[ClassesFieldComponent]. Find more at https://v20.angular.dev/errors/NG0201
	    at createRuntimeError (node_modules/@angular/core/fesm2022/root_effect_scheduler.mjs:924:19)
	    at NullInjector.get (node_modules/@angular/core/fesm2022/root_effect_scheduler.mjs:1494:27)
	    at R3Injector.get (node_modules/@angular/core/fesm2022/root_effect_scheduler.mjs:2052:33)
	    at R3Injector.get (node_modules/@angular/core/fesm2022/root_effect_scheduler.mjs:2052:33)
	    at R3Injector.get (node_modules/@angular/core/fesm2022/root_effect_scheduler.mjs:2052:33)
	    at ChainedInjector.get (node_modules/@angular/core/fesm2022/debug_node.mjs:13422:36)
	    at lookupTokenUsingModuleInjector (node_modules/@angular/core/fesm2022/debug_node.mjs:1718:39)
	    at getOrCreateInjectable (node_modules/@angular/core/fesm2022/debug_node.mjs:1766:12)
	    at ɵɵdirectiveInject (node_modules/@angular/core/fesm2022/debug_node.mjs:13473:19)
	    at ɵɵinject (node_modules/@angular/core/fesm2022/root_effect_scheduler.mjs:1061:60)
Chrome Headless 143.0.0.0 (Linux 0.0.0): Executed 64 of 131[31m (7 FAILED)[39m (0 secs / 5.06 secs)
[1A[2KChrome Headless 143.0.0.0 (Linux 0.0.0): Executed 65 of 131[31m (7 FAILED)[39m (0 secs / 5.064 secs)
[1A[2KLOG: [36m'activityies list'[39m
Chrome Headless 143.0.0.0 (Linux 0.0.0): Executed 65 of 131[31m (7 FAILED)[39m (0 secs / 5.064 secs)
LOG: 'activityies list'
[1A[2KLOG: [36m'currentClassKey', 'test-class'[39m
Chrome Headless 143.0.0.0 (Linux 0.0.0): Executed 65 of 131[31m (7 FAILED)[39m (0 secs / 5.064 secs)
LOG: 'currentClassKey', 'test-class'
[1A[2KLOG: [36m'currentTeacherKey', 'test-teacher'[39m
Chrome Headless 143.0.0.0 (Linux 0.0.0): Executed 65 of 131[31m (7 FAILED)[39m (0 secs / 5.064 secs)
LOG: 'currentTeacherKey', 'test-teacher'
[1A[2KLOG: [36m'update activities'[39m
Chrome Headless 143.0.0.0 (Linux 0.0.0): Executed 65 of 131[31m (7 FAILED)[39m (0 secs / 5.064 secs)
LOG: 'update activities'
[1A[2KLOG: [36m'currentClassKey', 'test-class'[39m
Chrome Headless 143.0.0.0 (Linux 0.0.0): Executed 65 of 131[31m (7 FAILED)[39m (0 secs / 5.064 secs)
LOG: 'currentClassKey', 'test-class'
[1A[2KLOG: [36m'currentTeacherKey', 'test-teacher'[39m
Chrome Headless 143.0.0.0 (Linux 0.0.0): Executed 65 of 131[31m (7 FAILED)[39m (0 secs / 5.064 secs)
LOG: 'currentTeacherKey', 'test-teacher'
[1A[2KLOG: [36m'query', [QueryCondition{field: 'classKey', operator: '==', value: 'test-class'}, QueryCondition{field: 'teacherKey', operator: '==', value: 'test-teacher'}][39m
Chrome Headless 143.0.0.0 (Linux 0.0.0): Executed 65 of 131[31m (7 FAILED)[39m (0 secs / 5.064 secs)
LOG: 'query', [QueryCondition{field: 'classKey', operator: '==', value: 'test-class'}, QueryCondition{field: 'teacherKey', operator: '==', value: 'test-teacher'}]
[1A[2KLOG: [36m'2026-01-10T23:00:00.000Z'[39m
Chrome Headless 143.0.0.0 (Linux 0.0.0): Executed 65 of 131[31m (7 FAILED)[39m (0 secs / 5.064 secs)
LOG: '2026-01-10T23:00:00.000Z'
[1A[2KChrome Headless 143.0.0.0 (Linux 0.0.0): Executed 66 of 131[31m (7 FAILED)[39m (0 secs / 5.074 secs)
[1A[2KLOG: [36m'EvaluationDialogPage constructor'[39m
Chrome Headless 143.0.0.0 (Linux 0.0.0): Executed 66 of 131[31m (7 FAILED)[39m (0 secs / 5.074 secs)
LOG: 'EvaluationDialogPage constructor'
[1A[2KLOG: [36m'paramClassKey', null[39m
Chrome Headless 143.0.0.0 (Linux 0.0.0): Executed 66 of 131[31m (7 FAILED)[39m (0 secs / 5.074 secs)
LOG: 'paramClassKey', null
[1A[2KLOG: [36m'classKey', ''[39m
Chrome Headless 143.0.0.0 (Linux 0.0.0): Executed 66 of 131[31m (7 FAILED)[39m (0 secs / 5.074 secs)
LOG: 'classKey', ''
[1A[2KLOG: [36m'studentKey', ''[39m
Chrome Headless 143.0.0.0 (Linux 0.0.0): Executed 66 of 131[31m (7 FAILED)[39m (0 secs / 5.074 secs)
LOG: 'studentKey', ''
[1A[2KLOG: [36m'evaluationKey', ''[39m
Chrome Headless 143.0.0.0 (Linux 0.0.0): Executed 66 of 131[31m (7 FAILED)[39m (0 secs / 5.074 secs)
LOG: 'evaluationKey', ''
[1A[2KLOG: [36m'grid to show', [Model Signal: [object Object]][39m
Chrome Headless 143.0.0.0 (Linux 0.0.0): Executed 66 of 131[31m (7 FAILED)[39m (0 secs / 5.074 secs)
LOG: 'grid to show', [Model Signal: [object Object]]
[1A[2KLOG: [36m'grid', Grids{key: '', nome: '', descrizione: '', indicatori: [], ownerKey: ''}[39m
Chrome Headless 143.0.0.0 (Linux 0.0.0): Executed 66 of 131[31m (7 FAILED)[39m (0 secs / 5.074 secs)
LOG: 'grid', Grids{key: '', nome: '', descrizione: '', indicatori: [], ownerKey: ''}
[1A[2KLOG: [36m' teacherKey*', 'teacher1'[39m
Chrome Headless 143.0.0.0 (Linux 0.0.0): Executed 66 of 131[31m (7 FAILED)[39m (0 secs / 5.074 secs)
LOG: ' teacherKey*', 'teacher1'
[1A[2KLOG: [36m'init evaluation-dialog'[39m
Chrome Headless 143.0.0.0 (Linux 0.0.0): Executed 66 of 131[31m (7 FAILED)[39m (0 secs / 5.074 secs)
LOG: 'init evaluation-dialog'
[1A[2KLOG: [36m'evaluation', Evaluation{key: '', description: '', note: '', data: '', subjectKey: '', lastUpdateDate: '', grid: Grids{key: '', nome: '', descrizione: '', indicatori: [], ownerKey: ''}, gridsKey: '', classKey: '', studentKey: '', teacherKey: '', activityKey: '', toString: () => `[Input Signal: ${ ... }]`}[39m
Chrome Headless 143.0.0.0 (Linux 0.0.0): Executed 66 of 131[31m (7 FAILED)[39m (0 secs / 5.074 secs)
LOG: 'evaluation', Evaluation{key: '', description: '', note: '', data: '', subjectKey: '', lastUpdateDate: '', grid: Grids{key: '', nome: '', descrizione: '', indicatori: [], ownerKey: ''}, gridsKey: '', classKey: '', studentKey: '', teacherKey: '', activityKey: '', toString: () => `[Input Signal: ${ ... }]`}
[1A[2KChrome Headless 143.0.0.0 (Linux 0.0.0): Executed 67 of 131[31m (7 FAILED)[39m (0 secs / 6.136 secs)
[1A[2KLOG: [36m'init login page'[39m
Chrome Headless 143.0.0.0 (Linux 0.0.0): Executed 67 of 131[31m (7 FAILED)[39m (0 secs / 6.136 secs)
LOG: 'init login page'
[1A[2KChrome Headless 143.0.0.0 (Linux 0.0.0): Executed 68 of 131[31m (7 FAILED)[39m (0 secs / 6.186 secs)
[1A[2KLOG: [36m'filterSignal updated* ', [][39m
Chrome Headless 143.0.0.0 (Linux 0.0.0): Executed 68 of 131[31m (7 FAILED)[39m (0 secs / 6.186 secs)
LOG: 'filterSignal updated* ', []
[1A[2KLOG: [36m'user', Object{key: 'teacher1', classesKey: []}[39m
Chrome Headless 143.0.0.0 (Linux 0.0.0): Executed 68 of 131[31m (7 FAILED)[39m (0 secs / 6.186 secs)
LOG: 'user', Object{key: 'teacher1', classesKey: []}
[1A[2KLOG: [36m'classi', [][39m
Chrome Headless 143.0.0.0 (Linux 0.0.0): Executed 68 of 131[31m (7 FAILED)[39m (0 secs / 6.186 secs)
LOG: 'classi', []
[1A[2KChrome Headless 143.0.0.0 (Linux 0.0.0): Executed 69 of 131[31m (7 FAILED)[39m (0 secs / 6.216 secs)
[1A[2KChrome Headless 143.0.0.0 (Linux 0.0.0): Executed 70 of 131[31m (7 FAILED)[39m (0 secs / 6.257 secs)
[1A[2KLOG: [36m'ConnectionStatusService - Initial status:', 'online'[39m
Chrome Headless 143.0.0.0 (Linux 0.0.0): Executed 70 of 131[31m (7 FAILED)[39m (0 secs / 6.257 secs)
LOG: 'ConnectionStatusService - Initial status:', 'online'
[1A[2KLOG: [36m'ConnectionStatusService - Updating status to: Online'[39m
Chrome Headless 143.0.0.0 (Linux 0.0.0): Executed 70 of 131[31m (7 FAILED)[39m (0 secs / 6.257 secs)
LOG: 'ConnectionStatusService - Updating status to: Online'
[1A[2KLOG: [36m'ConnectionStatusComponent - Constructor'[39m
Chrome Headless 143.0.0.0 (Linux 0.0.0): Executed 70 of 131[31m (7 FAILED)[39m (0 secs / 6.257 secs)
LOG: 'ConnectionStatusComponent - Constructor'
[1A[2KLOG: [36m'ConnectionStatusComponent - OnInit'[39m
Chrome Headless 143.0.0.0 (Linux 0.0.0): Executed 70 of 131[31m (7 FAILED)[39m (0 secs / 6.257 secs)
LOG: 'ConnectionStatusComponent - OnInit'
[1A[2KLOG: [36m'ConnectionStatusComponent - OnDestroy'[39m
Chrome Headless 143.0.0.0 (Linux 0.0.0): Executed 70 of 131[31m (7 FAILED)[39m (0 secs / 6.257 secs)
LOG: 'ConnectionStatusComponent - OnDestroy'
[1A[2KLOG: [36m'ConnectionStatusService - Destroying service'[39m
Chrome Headless 143.0.0.0 (Linux 0.0.0): Executed 70 of 131[31m (7 FAILED)[39m (0 secs / 6.257 secs)
LOG: 'ConnectionStatusService - Destroying service'
[1A[2KChrome Headless 143.0.0.0 (Linux 0.0.0): Executed 71 of 131[31m (7 FAILED)[39m (0 secs / 6.265 secs)
[1A[2KLOG: [36m'user', undefined[39m
Chrome Headless 143.0.0.0 (Linux 0.0.0): Executed 71 of 131[31m (7 FAILED)[39m (0 secs / 6.265 secs)
LOG: 'user', undefined
[1A[2KWARN: [36m'[Ionic Warning]: [ion-popover] - A trigger element with the ID "user-menu-trigger" was not found in the DOM. The trigger element must be in the DOM when the "trigger" property is set on ion-popover.', <ion-popover _ngcontent-a-c91482072="" trigger="user-menu-trigger" dismissonselect="true" id="ion-overlay-6" aria-modal="true" no-router="" tabindex="-1" class="md overlay-hidden popover-desktop popover-side-bottom hydrated" style="z-index: 20006;"><!--container--></ion-popover>[39m
Chrome Headless 143.0.0.0 (Linux 0.0.0): Executed 71 of 131[31m (7 FAILED)[39m (0 secs / 6.265 secs)
WARN: '[Ionic Warning]: [ion-popover] - A trigger element with the ID "user-menu-trigger" was not found in the DOM. The trigger element must be in the DOM when the "trigger" property is set on ion-popover.', <ion-popover _ngcontent-a-c91482072="" trigger="user-menu-trigger" dismissonselect="true" id="ion-overlay-6" aria-modal="true" no-router="" tabindex="-1" class="md overlay-hidden popover-desktop popover-side-bottom hydrated" style="z-index: 20006;"><!--container--></ion-popover>
[1A[2KChrome Headless 143.0.0.0 (Linux 0.0.0): Executed 72 of 131[31m (7 FAILED)[39m (0 secs / 6.266 secs)
[1A[2KLOG: [36m'EditEvaluationPage constructor chiamato'[39m
Chrome Headless 143.0.0.0 (Linux 0.0.0): Executed 72 of 131[31m (7 FAILED)[39m (0 secs / 6.266 secs)
LOG: 'EditEvaluationPage constructor chiamato'
[1A[2KWARN: [36m'[Ionicons Warning]: Multiple icons were mapped to name "save". Ensure that multiple icons are not mapped to the same icon name.'[39m
Chrome Headless 143.0.0.0 (Linux 0.0.0): Executed 72 of 131[31m (7 FAILED)[39m (0 secs / 6.266 secs)
WARN: '[Ionicons Warning]: Multiple icons were mapped to name "save". Ensure that multiple icons are not mapped to the same icon name.'
[1A[2KWARN: [36m'[Ionicons Warning]: Multiple icons were mapped to name "pdf". Ensure that multiple icons are not mapped to the same icon name.'[39m
Chrome Headless 143.0.0.0 (Linux 0.0.0): Executed 72 of 131[31m (7 FAILED)[39m (0 secs / 6.266 secs)
WARN: '[Ionicons Warning]: Multiple icons were mapped to name "pdf". Ensure that multiple icons are not mapped to the same icon name.'
[1A[2KLOG: [36m'ngOnInit - Inizio'[39m
Chrome Headless 143.0.0.0 (Linux 0.0.0): Executed 72 of 131[31m (7 FAILED)[39m (0 secs / 6.266 secs)
LOG: 'ngOnInit - Inizio'
[1A[2KLOG: [36m'Evaluation key:', 'eval123'[39m
Chrome Headless 143.0.0.0 (Linux 0.0.0): Executed 72 of 131[31m (7 FAILED)[39m (0 secs / 6.266 secs)
LOG: 'Evaluation key:', 'eval123'
[1A[2KLOG: [36m'Caricamento valutazione...'[39m
Chrome Headless 143.0.0.0 (Linux 0.0.0): Executed 72 of 131[31m (7 FAILED)[39m (0 secs / 6.266 secs)
LOG: 'Caricamento valutazione...'
[1A[2KLOG: [36m'Evaluation loaded:', Object{}[39m
Chrome Headless 143.0.0.0 (Linux 0.0.0): Executed 72 of 131[31m (7 FAILED)[39m (0 secs / 6.266 secs)
LOG: 'Evaluation loaded:', Object{}
[1A[2KLOG: [36m'Segnali impostati:', Object{classKey: '', teacherKey: '', studentKey: '', grid: Grids{key: '', nome: '', descrizione: '', indicatori: [], ownerKey: ''}}[39m
Chrome Headless 143.0.0.0 (Linux 0.0.0): Executed 72 of 131[31m (7 FAILED)[39m (0 secs / 6.266 secs)
LOG: 'Segnali impostati:', Object{classKey: '', teacherKey: '', studentKey: '', grid: Grids{key: '', nome: '', descrizione: '', indicatori: [], ownerKey: ''}}
[1A[2KWARN: [36m'[Ionic Warning]: [ion-datetime] - Unable to parse date string: Sun Jan 11 2026 18:19:32 GMT+0100 (Ora standard dell’Europa centrale). Please provide a valid ISO 8601 datetime string.'[39m
Chrome Headless 143.0.0.0 (Linux 0.0.0): Executed 72 of 131[31m (7 FAILED)[39m (0 secs / 6.266 secs)
WARN: '[Ionic Warning]: [ion-datetime] - Unable to parse date string: Sun Jan 11 2026 18:19:32 GMT+0100 (Ora standard dell’Europa centrale). Please provide a valid ISO 8601 datetime string.'
[1A[2KChrome Headless 143.0.0.0 (Linux 0.0.0): Executed 73 of 131[31m (7 FAILED)[39m (0 secs / 7.327 secs)
[1A[2KLOG: [36m'Evaluation Key:', 'eval-123'[39m
Chrome Headless 143.0.0.0 (Linux 0.0.0): Executed 73 of 131[31m (7 FAILED)[39m (0 secs / 7.327 secs)
LOG: 'Evaluation Key:', 'eval-123'
[1A[2KLOG: [36m'evaluationData', Evaluation{key: '', description: '', note: '', data: '', subjectKey: '', lastUpdateDate: '', grid: Grids{key: '', nome: '', descrizione: '', indicatori: [], ownerKey: ''}, gridsKey: '', classKey: '', studentKey: '', teacherKey: '', activityKey: ''}[39m
Chrome Headless 143.0.0.0 (Linux 0.0.0): Executed 73 of 131[31m (7 FAILED)[39m (0 secs / 7.327 secs)
LOG: 'evaluationData', Evaluation{key: '', description: '', note: '', data: '', subjectKey: '', lastUpdateDate: '', grid: Grids{key: '', nome: '', descrizione: '', indicatori: [], ownerKey: ''}, gridsKey: '', classKey: '', studentKey: '', teacherKey: '', activityKey: ''}
[1A[2KLOG: [36m'evaluation', Evaluation{key: '', description: '', note: '', data: '', subjectKey: '', lastUpdateDate: '', grid: Grids{key: '', nome: '', descrizione: '', indicatori: [], ownerKey: ''}, gridsKey: '', classKey: '', studentKey: '', teacherKey: '', activityKey: ''}[39m
Chrome Headless 143.0.0.0 (Linux 0.0.0): Executed 73 of 131[31m (7 FAILED)[39m (0 secs / 7.327 secs)
LOG: 'evaluation', Evaluation{key: '', description: '', note: '', data: '', subjectKey: '', lastUpdateDate: '', grid: Grids{key: '', nome: '', descrizione: '', indicatori: [], ownerKey: ''}, gridsKey: '', classKey: '', studentKey: '', teacherKey: '', activityKey: ''}
[1A[2KLOG: [36m'show spinner', false[39m
Chrome Headless 143.0.0.0 (Linux 0.0.0): Executed 73 of 131[31m (7 FAILED)[39m (0 secs / 7.327 secs)
LOG: 'show spinner', false
[1A[2KLOG: [36m'evaluation', Evaluation{key: '', description: '', note: '', data: '', subjectKey: '', lastUpdateDate: '', grid: Grids{key: '', nome: '', descrizione: '', indicatori: [], ownerKey: ''}, gridsKey: '', classKey: '', studentKey: '', teacherKey: '', activityKey: ''}[39m
Chrome Headless 143.0.0.0 (Linux 0.0.0): Executed 73 of 131[31m (7 FAILED)[39m (0 secs / 7.327 secs)
LOG: 'evaluation', Evaluation{key: '', description: '', note: '', data: '', subjectKey: '', lastUpdateDate: '', grid: Grids{key: '', nome: '', descrizione: '', indicatori: [], ownerKey: ''}, gridsKey: '', classKey: '', studentKey: '', teacherKey: '', activityKey: ''}
[1A[2KChrome Headless 143.0.0.0 (Linux 0.0.0): Executed 74 of 131[31m (7 FAILED)[39m (0 secs / 7.397 secs)
[1A[2KChrome Headless 143.0.0.0 (Linux 0.0.0): Executed 75 of 131[31m (7 FAILED)[39m (0 secs / 7.416 secs)
[1A[2KChrome Headless 143.0.0.0 (Linux 0.0.0): Executed 76 of 131[31m (7 FAILED)[39m (0 secs / 7.419 secs)
[1A[2K[31mChrome Headless 143.0.0.0 (Linux 0.0.0) ListStudent4classComponent should create FAILED[39m
	Failed: NG0201: No provider found for `ActivatedRoute`. Source: Standalone[ListStudent4classComponent]. Find more at https://v20.angular.dev/errors/NG0201
	error properties: Object({ code: -201, ngErrorCode: -201, ngErrorMessage: 'No provider found for `ActivatedRoute`.', ngTokenPath: [ 'ActivatedRoute' ] })
	ɵNotFound: NG0201: No provider found for `ActivatedRoute`. Source: Standalone[ListStudent4classComponent]. Find more at https://v20.angular.dev/errors/NG0201
	    at createRuntimeError (node_modules/@angular/core/fesm2022/root_effect_scheduler.mjs:924:19)
	    at NullInjector.get (node_modules/@angular/core/fesm2022/root_effect_scheduler.mjs:1494:27)
	    at R3Injector.get (node_modules/@angular/core/fesm2022/root_effect_scheduler.mjs:2052:33)
	    at R3Injector.get (node_modules/@angular/core/fesm2022/root_effect_scheduler.mjs:2052:33)
	    at R3Injector.get (node_modules/@angular/core/fesm2022/root_effect_scheduler.mjs:2052:33)
	    at ChainedInjector.get (node_modules/@angular/core/fesm2022/debug_node.mjs:13422:36)
	    at lookupTokenUsingModuleInjector (node_modules/@angular/core/fesm2022/debug_node.mjs:1718:39)
	    at getOrCreateInjectable (node_modules/@angular/core/fesm2022/debug_node.mjs:1766:12)
	    at ɵɵdirectiveInject (node_modules/@angular/core/fesm2022/debug_node.mjs:13473:19)
	    at NodeInjectorFactory.ListStudent4classComponent_Factory [as factory] (ng:///ListStudent4classComponent/ɵfac.js:7:7)
Chrome Headless 143.0.0.0 (Linux 0.0.0): Executed 77 of 131[31m (8 FAILED)[39m (0 secs / 7.459 secs)
[1A[2KWARN: [36m'Calling Firebase APIs outside of an Injection context may destabilize your application leading to subtle change-detection and hydration bugs. Find more at https://github.com/angular/angularfire/blob/main/docs/zones.md'[39m
Chrome Headless 143.0.0.0 (Linux 0.0.0): Executed 77 of 131[31m (8 FAILED)[39m (0 secs / 7.459 secs)
WARN: 'Calling Firebase APIs outside of an Injection context may destabilize your application leading to subtle change-detection and hydration bugs. Find more at https://github.com/angular/angularfire/blob/main/docs/zones.md'
[1A[2KWARN: [36m'Firebase API called outside injection context: onAuthStateChanged'[39m
Chrome Headless 143.0.0.0 (Linux 0.0.0): Executed 77 of 131[31m (8 FAILED)[39m (0 secs / 7.459 secs)
WARN: 'Firebase API called outside injection context: onAuthStateChanged'
[1A[2K[31mChrome Headless 143.0.0.0 (Linux 0.0.0) AppComponent should create the app FAILED[39m
	Failed: (0 , _firebase_util__WEBPACK_IMPORTED_MODULE_2__.getModularInstance)(...).onAuthStateChanged is not a function
	    at apply (node_modules/@fireauth/dist/esm2017/index-35c79a8a.js:6993:37)
	    at node_modules/@angular/fire/fesm2022/angular-fire.mjs:150:23
	    at AppComponent.setupAuthListener (src/app/app.component.ts:33:23)
	    at AppComponent.call [as ngOnInit] (src/app/app.component.ts:29:10)
	    at callHookInternal (node_modules/@angular/core/fesm2022/debug_node.mjs:860:14)
	    at callHook (node_modules/@angular/core/fesm2022/debug_node.mjs:887:13)
	    at callHooks (node_modules/@angular/core/fesm2022/debug_node.mjs:841:17)
	    at executeInitAndCheckHooks (node_modules/@angular/core/fesm2022/debug_node.mjs:791:9)
	    at refreshView (node_modules/@angular/core/fesm2022/debug_node.mjs:10107:21)
	    at detectChangesInView (node_modules/@angular/core/fesm2022/debug_node.mjs:10312:9)
Chrome Headless 143.0.0.0 (Linux 0.0.0): Executed 78 of 131[31m (9 FAILED)[39m (0 secs / 7.47 secs)
[1A[2KWARN: [36m'[Ionicons Warning]: Multiple icons were mapped to name "save". Ensure that multiple icons are not mapped to the same icon name.'[39m
Chrome Headless 143.0.0.0 (Linux 0.0.0): Executed 78 of 131[31m (9 FAILED)[39m (0 secs / 7.47 secs)
WARN: '[Ionicons Warning]: Multiple icons were mapped to name "save". Ensure that multiple icons are not mapped to the same icon name.'
[1A[2K[31mChrome Headless 143.0.0.0 (Linux 0.0.0) Evaluation4pagesComponent should create FAILED[39m
	Failed: Cannot read properties of undefined (reading 'subscribe')
	    at new NavController (node_modules/@ionic/angular/fesm2022/ionic-angular-common.mjs:438:27)
	    at Object.factory (node_modules/@ionic/angular/fesm2022/ionic-angular-common.mjs:613:35)
	    at callback (node_modules/@angular/core/fesm2022/root_effect_scheduler.mjs:2194:47)
	    at runInInjectorProfilerContext (node_modules/@angular/core/fesm2022/root_effect_scheduler.mjs:749:9)
	    at R3Injector.hydrate (node_modules/@angular/core/fesm2022/root_effect_scheduler.mjs:2192:21)
	    at R3Injector.get (node_modules/@angular/core/fesm2022/root_effect_scheduler.mjs:2040:33)
	    at R3Injector.get (node_modules/@angular/core/fesm2022/root_effect_scheduler.mjs:2052:33)
	    at ChainedInjector.get (node_modules/@angular/core/fesm2022/debug_node.mjs:13422:36)
	    at lookupTokenUsingModuleInjector (node_modules/@angular/core/fesm2022/debug_node.mjs:1718:39)
	    at getOrCreateInjectable (node_modules/@angular/core/fesm2022/debug_node.mjs:1766:12)
Chrome Headless 143.0.0.0 (Linux 0.0.0): Executed 79 of 131[31m (10 FAILED)[39m (0 secs / 7.488 secs)
[1A[2KChrome Headless 143.0.0.0 (Linux 0.0.0): Executed 80 of 131[31m (10 FAILED)[39m (0 secs / 7.522 secs)
[1A[2K[31mChrome Headless 143.0.0.0 (Linux 0.0.0) ActivityDetailComponent should create FAILED[39m
	Failed: NG0201: No provider found for `Firestore`. Source: Standalone[ActivityDetailComponent]. Path: ClassiService -> Firestore. Find more at https://v20.angular.dev/errors/NG0201
	error properties: Object({ code: -201, ngErrorCode: -201, ngErrorMessage: 'No provider found for `Firestore`.', ngTokenPath: [ 'ClassiService', 'Firestore' ] })
	ɵNotFound: NG0201: No provider found for `Firestore`. Source: Standalone[ActivityDetailComponent]. Path: ClassiService -> Firestore. Find more at https://v20.angular.dev/errors/NG0201
	    at createRuntimeError (node_modules/@angular/core/fesm2022/root_effect_scheduler.mjs:924:19)
	    at NullInjector.get (node_modules/@angular/core/fesm2022/root_effect_scheduler.mjs:1494:27)
	    at R3Injector.get (node_modules/@angular/core/fesm2022/root_effect_scheduler.mjs:2052:33)
	    at R3Injector.get (node_modules/@angular/core/fesm2022/root_effect_scheduler.mjs:2052:33)
	    at R3Injector.retrieve (node_modules/@angular/core/fesm2022/root_effect_scheduler.mjs:1936:25)
	    at injectInjectorOnly (node_modules/@angular/core/fesm2022/root_effect_scheduler.mjs:1049:39)
	    at ɵɵinject (node_modules/@angular/core/fesm2022/root_effect_scheduler.mjs:1061:60)
	    at inject (node_modules/@angular/core/fesm2022/root_effect_scheduler.mjs:1149:12)
	    at new ClassiService (src/app/pages/classes/services/classi.service.ts:32:29)
	    at Object.ClassiService_Factory [as factory] (ng:///ClassiService/ɵfac.js:4:10)
Chrome Headless 143.0.0.0 (Linux 0.0.0): Executed 81 of 131[31m (11 FAILED)[39m (0 secs / 7.556 secs)
[1A[2KLOG: [36m'ngOnInit chiamato'[39m
Chrome Headless 143.0.0.0 (Linux 0.0.0): Executed 81 of 131[31m (11 FAILED)[39m (0 secs / 7.556 secs)
LOG: 'ngOnInit chiamato'
[1A[2KLOG: [36m'studentsWithPdPComponent', ClasseModel{year: '', classe: '', descrizione: '', note: '', archived: false, verbali: [], coordinatore: '', segretario: '', key: ''}[39m
Chrome Headless 143.0.0.0 (Linux 0.0.0): Executed 81 of 131[31m (11 FAILED)[39m (0 secs / 7.556 secs)
LOG: 'studentsWithPdPComponent', ClasseModel{year: '', classe: '', descrizione: '', note: '', archived: false, verbali: [], coordinatore: '', segretario: '', key: ''}
[1A[2KChrome Headless 143.0.0.0 (Linux 0.0.0): Executed 82 of 131[31m (11 FAILED)[39m (0 secs / 7.605 secs)
[1A[2K[31mChrome Headless 143.0.0.0 (Linux 0.0.0) ReservedNotes4ClassesComponent should create FAILED[39m
	Failed: NG0201: No provider found for `Firestore`. Source: Standalone[ReservedNotes4ClassesComponent]. Path: ClassReservedNotesService -> Firestore. Find more at https://v20.angular.dev/errors/NG0201
	error properties: Object({ code: -201, ngErrorCode: -201, ngErrorMessage: 'No provider found for `Firestore`.', ngTokenPath: [ 'ClassReservedNotesService', 'Firestore' ] })
	ɵNotFound: NG0201: No provider found for `Firestore`. Source: Standalone[ReservedNotes4ClassesComponent]. Path: ClassReservedNotesService -> Firestore. Find more at https://v20.angular.dev/errors/NG0201
	    at createRuntimeError (node_modules/@angular/core/fesm2022/root_effect_scheduler.mjs:924:19)
	    at NullInjector.get (node_modules/@angular/core/fesm2022/root_effect_scheduler.mjs:1494:27)
	    at R3Injector.get (node_modules/@angular/core/fesm2022/root_effect_scheduler.mjs:2052:33)
	    at R3Injector.get (node_modules/@angular/core/fesm2022/root_effect_scheduler.mjs:2052:33)
	    at R3Injector.retrieve (node_modules/@angular/core/fesm2022/root_effect_scheduler.mjs:1936:25)
	    at injectInjectorOnly (node_modules/@angular/core/fesm2022/root_effect_scheduler.mjs:1049:39)
	    at ɵɵinject (node_modules/@angular/core/fesm2022/root_effect_scheduler.mjs:1061:60)
	    at inject (node_modules/@angular/core/fesm2022/root_effect_scheduler.mjs:1149:12)
	    at new ClassReservedNotesService (src/app/pages/classes/services/classReservedNotes/class-reserved-notes.service.ts:61:29)
	    at Object.ClassReservedNotesService_Factory [as factory] (ng:///ClassReservedNotesService/ɵfac.js:4:10)
Chrome Headless 143.0.0.0 (Linux 0.0.0): Executed 83 of 131[31m (12 FAILED)[39m (0 secs / 7.625 secs)
[1A[2KChrome Headless 143.0.0.0 (Linux 0.0.0): Executed 84 of 131[31m (12 FAILED)[39m (0 secs / 7.641 secs)
[1A[2KChrome Headless 143.0.0.0 (Linux 0.0.0): Executed 85 of 131[31m (12 FAILED)[39m (0 secs / 7.651 secs)
[1A[2KChrome Headless 143.0.0.0 (Linux 0.0.0): Executed 86 of 131[31m (12 FAILED)[39m (0 secs / 7.659 secs)
[1A[2KChrome Headless 143.0.0.0 (Linux 0.0.0): Executed 87 of 131[31m (12 FAILED)[39m (0 secs / 7.665 secs)
[1A[2KChrome Headless 143.0.0.0 (Linux 0.0.0): Executed 88 of 131[31m (12 FAILED)[39m (0 secs / 7.669 secs)
[1A[2KChrome Headless 143.0.0.0 (Linux 0.0.0): Executed 89 of 131[31m (12 FAILED)[39m (0 secs / 7.672 secs)
[1A[2KChrome Headless 143.0.0.0 (Linux 0.0.0): Executed 90 of 131[31m (12 FAILED)[39m (0 secs / 7.676 secs)
[1A[2KChrome Headless 143.0.0.0 (Linux 0.0.0): Executed 91 of 131[31m (12 FAILED)[39m (0 secs / 7.685 secs)
[1A[2KLOG: [36m'Adding TEST event'[39m
Chrome Headless 143.0.0.0 (Linux 0.0.0): Executed 91 of 131[31m (12 FAILED)[39m (0 secs / 7.685 secs)
LOG: 'Adding TEST event'
[1A[2KLOG: [36m'Adding TEST event'[39m
Chrome Headless 143.0.0.0 (Linux 0.0.0): Executed 91 of 131[31m (12 FAILED)[39m (0 secs / 7.685 secs)
LOG: 'Adding TEST event'
[1A[2KLOG: [36m'Adding TEST event'[39m
Chrome Headless 143.0.0.0 (Linux 0.0.0): Executed 91 of 131[31m (12 FAILED)[39m (0 secs / 7.685 secs)
LOG: 'Adding TEST event'
[1A[2KLOG: [36m'Adding TEST event'[39m
Chrome Headless 143.0.0.0 (Linux 0.0.0): Executed 91 of 131[31m (12 FAILED)[39m (0 secs / 7.685 secs)
LOG: 'Adding TEST event'
[1A[2KChrome Headless 143.0.0.0 (Linux 0.0.0): Executed 92 of 131[31m (12 FAILED)[39m (0 secs / 7.773 secs)
[1A[2KLOG: [36m'Adding TEST event'[39m
Chrome Headless 143.0.0.0 (Linux 0.0.0): Executed 92 of 131[31m (12 FAILED)[39m (0 secs / 7.773 secs)
LOG: 'Adding TEST event'
[1A[2KLOG: [36m'Adding TEST event'[39m
Chrome Headless 143.0.0.0 (Linux 0.0.0): Executed 92 of 131[31m (12 FAILED)[39m (0 secs / 7.773 secs)
LOG: 'Adding TEST event'
[1A[2KLOG: [36m'Adding TEST event'[39m
Chrome Headless 143.0.0.0 (Linux 0.0.0): Executed 92 of 131[31m (12 FAILED)[39m (0 secs / 7.773 secs)
LOG: 'Adding TEST event'
[1A[2KLOG: [36m'Adding TEST event'[39m
Chrome Headless 143.0.0.0 (Linux 0.0.0): Executed 92 of 131[31m (12 FAILED)[39m (0 secs / 7.773 secs)
LOG: 'Adding TEST event'
[1A[2KWARN: [36m'[Ionicons Warning]: Multiple icons were mapped to name "save". Ensure that multiple icons are not mapped to the same icon name.'[39m
Chrome Headless 143.0.0.0 (Linux 0.0.0): Executed 92 of 131[31m (12 FAILED)[39m (0 secs / 7.773 secs)
WARN: '[Ionicons Warning]: Multiple icons were mapped to name "save". Ensure that multiple icons are not mapped to the same icon name.'
[1A[2KLOG: [36m'gridKey', 'test'[39m
Chrome Headless 143.0.0.0 (Linux 0.0.0): Executed 92 of 131[31m (12 FAILED)[39m (0 secs / 7.773 secs)
LOG: 'gridKey', 'test'
[1A[2K[31mChrome Headless 143.0.0.0 (Linux 0.0.0) GridsdialogPage should create FAILED[39m
	Failed: Cannot read properties of undefined (reading 'subscribe')
	    at new NavController (node_modules/@ionic/angular/fesm2022/ionic-angular-common.mjs:438:27)
	    at Object.factory (node_modules/@ionic/angular/fesm2022/ionic-angular-common.mjs:613:35)
	    at callback (node_modules/@angular/core/fesm2022/root_effect_scheduler.mjs:2194:47)
	    at runInInjectorProfilerContext (node_modules/@angular/core/fesm2022/root_effect_scheduler.mjs:749:9)
	    at R3Injector.hydrate (node_modules/@angular/core/fesm2022/root_effect_scheduler.mjs:2192:21)
	    at R3Injector.get (node_modules/@angular/core/fesm2022/root_effect_scheduler.mjs:2040:33)
	    at ChainedInjector.get (node_modules/@angular/core/fesm2022/debug_node.mjs:13422:36)
	    at lookupTokenUsingModuleInjector (node_modules/@angular/core/fesm2022/debug_node.mjs:1718:39)
	    at getOrCreateInjectable (node_modules/@angular/core/fesm2022/debug_node.mjs:1766:12)
	    at Module.ɵɵdirectiveInject (node_modules/@angular/core/fesm2022/debug_node.mjs:13473:19)
Chrome Headless 143.0.0.0 (Linux 0.0.0): Executed 93 of 131[31m (13 FAILED)[39m (0 secs / 7.779 secs)
[1A[2KLOG: [36m'grid to show', [Model Signal: [object Object]][39m
Chrome Headless 143.0.0.0 (Linux 0.0.0): Executed 93 of 131[31m (13 FAILED)[39m (0 secs / 7.779 secs)
LOG: 'grid to show', [Model Signal: [object Object]]
[1A[2KLOG: [36m'grid', Grids{key: '', nome: '', descrizione: '', indicatori: [], ownerKey: ''}[39m
Chrome Headless 143.0.0.0 (Linux 0.0.0): Executed 93 of 131[31m (13 FAILED)[39m (0 secs / 7.779 secs)
LOG: 'grid', Grids{key: '', nome: '', descrizione: '', indicatori: [], ownerKey: ''}
[1A[2KChrome Headless 143.0.0.0 (Linux 0.0.0): Executed 94 of 131[31m (13 FAILED)[39m (0 secs / 7.813 secs)
[1A[2KChrome Headless 143.0.0.0 (Linux 0.0.0): Executed 95 of 131[31m (13 FAILED)[39m (0 secs / 7.814 secs)
[1A[2KChrome Headless 143.0.0.0 (Linux 0.0.0): Executed 96 of 131[31m (13 FAILED)[39m (0 secs / 7.817 secs)
[1A[2KWARN: [36m'[Ionicons Warning]: Multiple icons were mapped to name "document-text". Ensure that multiple icons are not mapped to the same icon name.'[39m
Chrome Headless 143.0.0.0 (Linux 0.0.0): Executed 96 of 131[31m (13 FAILED)[39m (0 secs / 7.817 secs)
WARN: '[Ionicons Warning]: Multiple icons were mapped to name "document-text". Ensure that multiple icons are not mapped to the same icon name.'
[1A[2K[31mChrome Headless 143.0.0.0 (Linux 0.0.0) StudentAverageGradeDisplayComponent should create FAILED[39m
	Failed: NG0950: Input is required but no value is available yet. Find more at https://v20.angular.dev/errors/NG0950
	error properties: Object({ code: -950 })
	    at StudentAverageGradeDisplayComponent.teacherkey (node_modules/@angular/core/fesm2022/core.mjs:61:19)
	    at fn (src/app/pages/classes/components/student-average-grade-display/student-average-grade-display.component.ts:58:14)
	    at Object.fn (node_modules/@angular/core/fesm2022/resource.mjs:275:9)
	    at runEffect (node_modules/@angular/core/fesm2022/effect.mjs:133:14)
	    at Object.run (node_modules/@angular/core/fesm2022/resource.mjs:198:22)
	    at runEffectsInView (node_modules/@angular/core/fesm2022/debug_node.mjs:9960:24)
	    at refreshView (node_modules/@angular/core/fesm2022/debug_node.mjs:10120:9)
	    at detectChangesInView (node_modules/@angular/core/fesm2022/debug_node.mjs:10312:9)
	    at detectChangesInViewWhileDirty (node_modules/@angular/core/fesm2022/debug_node.mjs:10001:9)
	    at detectChangesInternal (node_modules/@angular/core/fesm2022/debug_node.mjs:9989:9)
Chrome Headless 143.0.0.0 (Linux 0.0.0): Executed 97 of 131[31m (14 FAILED)[39m (0 secs / 7.833 secs)
[1A[2KWARN: [36m'[Ionicons Warning]: Multiple icons were mapped to name "push". Ensure that multiple icons are not mapped to the same icon name.'[39m
Chrome Headless 143.0.0.0 (Linux 0.0.0): Executed 97 of 131[31m (14 FAILED)[39m (0 secs / 7.833 secs)
WARN: '[Ionicons Warning]: Multiple icons were mapped to name "push". Ensure that multiple icons are not mapped to the same icon name.'
[1A[2KChrome Headless 143.0.0.0 (Linux 0.0.0): Executed 98 of 131[31m (14 FAILED)[39m (0 secs / 7.876 secs)
[1A[2KLOG: [36m'today', '2026-01-10T23:00:00.000Z'[39m
Chrome Headless 143.0.0.0 (Linux 0.0.0): Executed 98 of 131[31m (14 FAILED)[39m (0 secs / 7.876 secs)
LOG: 'today', '2026-01-10T23:00:00.000Z'
[1A[2KChrome Headless 143.0.0.0 (Linux 0.0.0): Executed 99 of 131[31m (14 FAILED)[39m (0 secs / 7.916 secs)
[1A[2KWARN: [36m'[Ionicons Warning]: Multiple icons were mapped to name "save". Ensure that multiple icons are not mapped to the same icon name.'[39m
Chrome Headless 143.0.0.0 (Linux 0.0.0): Executed 99 of 131[31m (14 FAILED)[39m (0 secs / 7.916 secs)
WARN: '[Ionicons Warning]: Multiple icons were mapped to name "save". Ensure that multiple icons are not mapped to the same icon name.'
[1A[2KLOG: [36m'Classi ricevute dal servizio:', [][39m
Chrome Headless 143.0.0.0 (Linux 0.0.0): Executed 99 of 131[31m (14 FAILED)[39m (0 secs / 7.916 secs)
LOG: 'Classi ricevute dal servizio:', []
[1A[2KChrome Headless 143.0.0.0 (Linux 0.0.0): Executed 100 of 131[31m (14 FAILED)[39m (0 secs / 7.96 secs)
[1A[2KLOG: [36m'nessuna materia passata'[39m
Chrome Headless 143.0.0.0 (Linux 0.0.0): Executed 100 of 131[31m (14 FAILED)[39m (0 secs / 7.96 secs)
LOG: 'nessuna materia passata'
[1A[2KChrome Headless 143.0.0.0 (Linux 0.0.0): Executed 101 of 131[31m (14 FAILED)[39m (0 secs / 8.022 secs)
[1A[2KChrome Headless 143.0.0.0 (Linux 0.0.0): Executed 102 of 131[31m (14 FAILED)[39m (0 secs / 8.08 secs)
[1A[2KChrome Headless 143.0.0.0 (Linux 0.0.0): Executed 103 of 131[31m (14 FAILED)[39m (0 secs / 8.082 secs)
[1A[2K[31mChrome Headless 143.0.0.0 (Linux 0.0.0) ReservedNotes4studentComponent should create FAILED[39m
	Failed: NG0201: No provider found for `Firestore`. Source: Standalone[ReservedNotes4studentComponent]. Path: ReservedNotes4studentsService -> Firestore. Find more at https://v20.angular.dev/errors/NG0201
	error properties: Object({ code: -201, ngErrorCode: -201, ngErrorMessage: 'No provider found for `Firestore`.', ngTokenPath: [ 'ReservedNotes4studentsService', 'Firestore' ] })
	ɵNotFound: NG0201: No provider found for `Firestore`. Source: Standalone[ReservedNotes4studentComponent]. Path: ReservedNotes4studentsService -> Firestore. Find more at https://v20.angular.dev/errors/NG0201
	    at createRuntimeError (node_modules/@angular/core/fesm2022/root_effect_scheduler.mjs:924:19)
	    at NullInjector.get (node_modules/@angular/core/fesm2022/root_effect_scheduler.mjs:1494:27)
	    at R3Injector.get (node_modules/@angular/core/fesm2022/root_effect_scheduler.mjs:2052:33)
	    at R3Injector.get (node_modules/@angular/core/fesm2022/root_effect_scheduler.mjs:2052:33)
	    at R3Injector.retrieve (node_modules/@angular/core/fesm2022/root_effect_scheduler.mjs:1936:25)
	    at injectInjectorOnly (node_modules/@angular/core/fesm2022/root_effect_scheduler.mjs:1049:39)
	    at ɵɵinject (node_modules/@angular/core/fesm2022/root_effect_scheduler.mjs:1061:60)
	    at inject (node_modules/@angular/core/fesm2022/root_effect_scheduler.mjs:1149:12)
	    at new ReservedNotes4studentsService (src/app/pages/users/services/reservedNotes4Students/reserved-notes4students.service.ts:55:29)
	    at Object.ReservedNotes4studentsService_Factory [as factory] (ng:///ReservedNotes4studentsService/ɵfac.js:4:10)
Chrome Headless 143.0.0.0 (Linux 0.0.0): Executed 104 of 131[31m (15 FAILED)[39m (0 secs / 8.086 secs)
[1A[2KChrome Headless 143.0.0.0 (Linux 0.0.0): Executed 105 of 131[31m (15 FAILED)[39m (0 secs / 8.087 secs)
[1A[2KChrome Headless 143.0.0.0 (Linux 0.0.0): Executed 106 of 131[31m (15 FAILED)[39m (0 secs / 8.087 secs)
[1A[2KChrome Headless 143.0.0.0 (Linux 0.0.0): Executed 107 of 131[31m (15 FAILED)[39m (0 secs / 8.087 secs)
[1A[2KLOG: [36m'Evaluations4StudentPage'[39m
Chrome Headless 143.0.0.0 (Linux 0.0.0): Executed 107 of 131[31m (15 FAILED)[39m (0 secs / 8.087 secs)
LOG: 'Evaluations4StudentPage'
[1A[2KLOG: [36m'studentKey', undefined[39m
Chrome Headless 143.0.0.0 (Linux 0.0.0): Executed 107 of 131[31m (15 FAILED)[39m (0 secs / 8.087 secs)
LOG: 'studentKey', undefined
[1A[2KLOG: [36m'teacherKey', undefined[39m
Chrome Headless 143.0.0.0 (Linux 0.0.0): Executed 107 of 131[31m (15 FAILED)[39m (0 secs / 8.087 secs)
LOG: 'teacherKey', undefined
[1A[2KChrome Headless 143.0.0.0 (Linux 0.0.0): Executed 108 of 131[31m (15 FAILED)[39m (0 secs / 8.112 secs)
[1A[2KChrome Headless 143.0.0.0 (Linux 0.0.0): Executed 109 of 131[31m (15 FAILED)[39m (0 secs / 8.152 secs)
[1A[2KChrome Headless 143.0.0.0 (Linux 0.0.0): Executed 110 of 131[31m (15 FAILED)[39m (0 secs / 8.155 secs)
[1A[2KChrome Headless 143.0.0.0 (Linux 0.0.0): Executed 111 of 131[31m (15 FAILED)[39m (0 secs / 8.157 secs)
[1A[2KChrome Headless 143.0.0.0 (Linux 0.0.0): Executed 112 of 131[31m (15 FAILED)[39m (0 secs / 8.159 secs)
[1A[2KChrome Headless 143.0.0.0 (Linux 0.0.0): Executed 113 of 131[31m (15 FAILED)[39m (0 secs / 8.16 secs)
[1A[2KChrome Headless 143.0.0.0 (Linux 0.0.0): Executed 114 of 131[31m (15 FAILED)[39m (0 secs / 8.161 secs)
[1A[2KChrome Headless 143.0.0.0 (Linux 0.0.0): Executed 115 of 131[31m (15 FAILED)[39m (0 secs / 8.162 secs)
[1A[2KChrome Headless 143.0.0.0 (Linux 0.0.0): Executed 116 of 131[31m (15 FAILED)[39m (0 secs / 8.163 secs)
[1A[2KChrome Headless 143.0.0.0 (Linux 0.0.0): Executed 117 of 131[31m (15 FAILED)[39m (0 secs / 8.164 secs)
[1A[2KChrome Headless 143.0.0.0 (Linux 0.0.0): Executed 118 of 131[31m (15 FAILED)[39m (0 secs / 8.165 secs)
[1A[2KChrome Headless 143.0.0.0 (Linux 0.0.0): Executed 119 of 131[31m (15 FAILED)[39m (0 secs / 8.166 secs)
[1A[2KChrome Headless 143.0.0.0 (Linux 0.0.0): Executed 120 of 131[31m (15 FAILED)[39m (0 secs / 8.167 secs)
[1A[2KChrome Headless 143.0.0.0 (Linux 0.0.0): Executed 121 of 131[31m (15 FAILED)[39m (0 secs / 8.168 secs)
[1A[2KChrome Headless 143.0.0.0 (Linux 0.0.0): Executed 122 of 131[31m (15 FAILED)[39m (0 secs / 8.169 secs)
[1A[2KChrome Headless 143.0.0.0 (Linux 0.0.0): Executed 123 of 131[31m (15 FAILED)[39m (0 secs / 8.17 secs)
[1A[2KChrome Headless 143.0.0.0 (Linux 0.0.0): Executed 124 of 131[31m (15 FAILED)[39m (0 secs / 8.171 secs)
[1A[2KChrome Headless 143.0.0.0 (Linux 0.0.0): Executed 125 of 131[31m (15 FAILED)[39m (0 secs / 8.172 secs)
[1A[2KLOG: [36m'listaClassi', [][39m
Chrome Headless 143.0.0.0 (Linux 0.0.0): Executed 125 of 131[31m (15 FAILED)[39m (0 secs / 8.172 secs)
LOG: 'listaClassi', []
[1A[2KLOG: [36m'filter', [][39m
Chrome Headless 143.0.0.0 (Linux 0.0.0): Executed 125 of 131[31m (15 FAILED)[39m (0 secs / 8.172 secs)
LOG: 'filter', []
[1A[2KLOG: [36m'listaAttivita', [][39m
Chrome Headless 143.0.0.0 (Linux 0.0.0): Executed 125 of 131[31m (15 FAILED)[39m (0 secs / 8.172 secs)
LOG: 'listaAttivita', []
[1A[2KLOG: [36m'listaStudenti', [][39m
Chrome Headless 143.0.0.0 (Linux 0.0.0): Executed 125 of 131[31m (15 FAILED)[39m (0 secs / 8.172 secs)
LOG: 'listaStudenti', []
[1A[2KChrome Headless 143.0.0.0 (Linux 0.0.0): Executed 126 of 131[31m (15 FAILED)[39m (0 secs / 9.189 secs)
[1A[2KChrome Headless 143.0.0.0 (Linux 0.0.0): Executed 127 of 131[31m (15 FAILED)[39m (0 secs / 9.196 secs)
[1A[2KChrome Headless 143.0.0.0 (Linux 0.0.0): Executed 128 of 131[31m (15 FAILED)[39m (0 secs / 10.24 secs)
[1A[2KChrome Headless 143.0.0.0 (Linux 0.0.0): Executed 129 of 131[31m (15 FAILED)[39m (0 secs / 10.253 secs)
[1A[2KChrome Headless 143.0.0.0 (Linux 0.0.0): Executed 130 of 131[31m (15 FAILED)[39m (0 secs / 10.26 secs)
[1A[2KChrome Headless 143.0.0.0 (Linux 0.0.0): Executed 131 of 131[31m (15 FAILED)[39m (0 secs / 10.262 secs)
[1A[2KChrome Headless 143.0.0.0 (Linux 0.0.0): Executed 131 of 131[31m (15 FAILED)[39m (10.687 secs / 10.262 secs)
[31mTOTAL: 15 FAILED, 116 SUCCESS[39m
✔ Browser application bundle generation complete.

=============================== Coverage summary ===============================
Statements   : 29.01% ( 1171/4036 )
Branches     : 13.74% ( 130/946 )
Functions    : 23.49% ( 246/1047 )
Lines        : 29.72% ( 1152/3876 )
================================================================================
✔ Browser application bundle generation complete.
